Archive member included to satisfy reference by file (symbol)

D:\study\QEA2\Part2\Project\A_task\A_task\Middlewares\ST\ARM\DSP\Lib\libarm_cortexM4lf_math.a(arm_cfft_radix4_init_f32.o)
                              CMakeFiles/A_task.elf.dir/Core/Src/main.c.obj (arm_cfft_radix4_init_f32)
D:\study\QEA2\Part2\Project\A_task\A_task\Middlewares\ST\ARM\DSP\Lib\libarm_cortexM4lf_math.a(arm_cfft_radix4_f32.o)
                              CMakeFiles/A_task.elf.dir/Core/Src/main.c.obj (arm_cfft_radix4_f32)
D:\study\QEA2\Part2\Project\A_task\A_task\Middlewares\ST\ARM\DSP\Lib\libarm_cortexM4lf_math.a(arm_bitreversal.o)
                              D:\study\QEA2\Part2\Project\A_task\A_task\Middlewares\ST\ARM\DSP\Lib\libarm_cortexM4lf_math.a(arm_cfft_radix4_f32.o) (arm_bitreversal_f32)
D:\study\QEA2\Part2\Project\A_task\A_task\Middlewares\ST\ARM\DSP\Lib\libarm_cortexM4lf_math.a(arm_cmplx_mag_f32.o)
                              CMakeFiles/A_task.elf.dir/Core/Src/main.c.obj (arm_cmplx_mag_f32)
D:\study\QEA2\Part2\Project\A_task\A_task\Middlewares\ST\ARM\DSP\Lib\libarm_cortexM4lf_math.a(arm_common_tables.o)
                              D:\study\QEA2\Part2\Project\A_task\A_task\Middlewares\ST\ARM\DSP\Lib\libarm_cortexM4lf_math.a(arm_cfft_radix4_init_f32.o) (twiddleCoef_4096)
d:/gcc-arm-none-eabi/gcc-arm-none-eabi-10.3-2021.10-win32/gcc-arm-none-eabi-10.3-2021.10/bin/../lib/gcc/arm-none-eabi/10.3.1/thumb/v7e-m+fp/hard\libgcc.a(_arm_muldf3.o)
                              CMakeFiles/A_task.elf.dir/Core/Src/fsmc.c.obj (__aeabi_dmul)
d:/gcc-arm-none-eabi/gcc-arm-none-eabi-10.3-2021.10-win32/gcc-arm-none-eabi-10.3-2021.10/bin/../lib/gcc/arm-none-eabi/10.3.1/thumb/v7e-m+fp/hard\libgcc.a(_arm_addsubdf3.o)
                              CMakeFiles/A_task.elf.dir/Core/Src/main.c.obj (__aeabi_dadd)
d:/gcc-arm-none-eabi/gcc-arm-none-eabi-10.3-2021.10-win32/gcc-arm-none-eabi-10.3-2021.10/bin/../lib/gcc/arm-none-eabi/10.3.1/thumb/v7e-m+fp/hard\libgcc.a(_arm_fixunsdfsi.o)
                              CMakeFiles/A_task.elf.dir/Core/Src/fsmc.c.obj (__aeabi_d2uiz)
d:/gcc-arm-none-eabi/gcc-arm-none-eabi-10.3-2021.10-win32/gcc-arm-none-eabi-10.3-2021.10/bin/../lib/gcc/arm-none-eabi/10.3.1/thumb/v7e-m+fp/hard\libgcc.a(_aeabi_uldivmod.o)
                              CMakeFiles/A_task.elf.dir/Drivers/STM32F4xx_HAL_Driver/Src/stm32f4xx_hal_rcc.c.obj (__aeabi_uldivmod)
d:/gcc-arm-none-eabi/gcc-arm-none-eabi-10.3-2021.10-win32/gcc-arm-none-eabi-10.3-2021.10/bin/../lib/gcc/arm-none-eabi/10.3.1/thumb/v7e-m+fp/hard\libgcc.a(_udivmoddi4.o)
                              d:/gcc-arm-none-eabi/gcc-arm-none-eabi-10.3-2021.10-win32/gcc-arm-none-eabi-10.3-2021.10/bin/../lib/gcc/arm-none-eabi/10.3.1/thumb/v7e-m+fp/hard\libgcc.a(_aeabi_uldivmod.o) (__udivmoddi4)
d:/gcc-arm-none-eabi/gcc-arm-none-eabi-10.3-2021.10-win32/gcc-arm-none-eabi-10.3-2021.10/bin/../lib/gcc/arm-none-eabi/10.3.1/thumb/v7e-m+fp/hard\libgcc.a(_dvmd_tls.o)
                              d:/gcc-arm-none-eabi/gcc-arm-none-eabi-10.3-2021.10-win32/gcc-arm-none-eabi-10.3-2021.10/bin/../lib/gcc/arm-none-eabi/10.3.1/thumb/v7e-m+fp/hard\libgcc.a(_aeabi_uldivmod.o) (__aeabi_ldiv0)
d:/gcc-arm-none-eabi/gcc-arm-none-eabi-10.3-2021.10-win32/gcc-arm-none-eabi-10.3-2021.10/bin/../lib/gcc/arm-none-eabi/10.3.1/../../../../arm-none-eabi/lib/thumb/v7e-m+fp/hard\libg.a(lib_a-errno.o)
                              CMakeFiles/A_task.elf.dir/Core/Src/syscalls.c.obj (__errno)
d:/gcc-arm-none-eabi/gcc-arm-none-eabi-10.3-2021.10-win32/gcc-arm-none-eabi-10.3-2021.10/bin/../lib/gcc/arm-none-eabi/10.3.1/../../../../arm-none-eabi/lib/thumb/v7e-m+fp/hard\libg.a(lib_a-exit.o)
                              d:/gcc-arm-none-eabi/gcc-arm-none-eabi-10.3-2021.10-win32/gcc-arm-none-eabi-10.3-2021.10/bin/../lib/gcc/arm-none-eabi/10.3.1/../../../../arm-none-eabi/lib/thumb/v7e-m+fp/hard/crt0.o (exit)
d:/gcc-arm-none-eabi/gcc-arm-none-eabi-10.3-2021.10-win32/gcc-arm-none-eabi-10.3-2021.10/bin/../lib/gcc/arm-none-eabi/10.3.1/../../../../arm-none-eabi/lib/thumb/v7e-m+fp/hard\libg.a(lib_a-impure.o)
                              d:/gcc-arm-none-eabi/gcc-arm-none-eabi-10.3-2021.10-win32/gcc-arm-none-eabi-10.3-2021.10/bin/../lib/gcc/arm-none-eabi/10.3.1/../../../../arm-none-eabi/lib/thumb/v7e-m+fp/hard\libg.a(lib_a-exit.o) (_global_impure_ptr)
d:/gcc-arm-none-eabi/gcc-arm-none-eabi-10.3-2021.10-win32/gcc-arm-none-eabi-10.3-2021.10/bin/../lib/gcc/arm-none-eabi/10.3.1/../../../../arm-none-eabi/lib/thumb/v7e-m+fp/hard\libg.a(lib_a-init.o)
                              d:/gcc-arm-none-eabi/gcc-arm-none-eabi-10.3-2021.10-win32/gcc-arm-none-eabi-10.3-2021.10/bin/../lib/gcc/arm-none-eabi/10.3.1/../../../../arm-none-eabi/lib/thumb/v7e-m+fp/hard/crt0.o (__libc_init_array)
d:/gcc-arm-none-eabi/gcc-arm-none-eabi-10.3-2021.10-win32/gcc-arm-none-eabi-10.3-2021.10/bin/../lib/gcc/arm-none-eabi/10.3.1/../../../../arm-none-eabi/lib/thumb/v7e-m+fp/hard\libg.a(lib_a-memset.o)
[...]
Memory Configuration

Name             Origin             Length             Attributes
CCMRAM           0x10000000         0x00010000         xrw
RAM              0x20000000         0x00020000         xrw
FLASH            0x08000000         0x00100000         xr
*default*        0x00000000         0xffffffff

Linker script and memory map

LOAD d:/gcc-arm-none-eabi/gcc-arm-none-eabi-10.3-2021.10-win32/gcc-arm-none-eabi-10.3-2021.10/bin/../lib/gcc/arm-none-eabi/10.3.1/thumb/v7e-m+fp/hard/crti.o
LOAD d:/gcc-arm-none-eabi/gcc-arm-none-eabi-10.3-2021.10-win32/gcc-arm-none-eabi-10.3-2021.10/bin/../lib/gcc/arm-none-eabi/10.3.1/thumb/v7e-m+fp/hard/crtbegin.o
LOAD d:/gcc-arm-none-eabi/gcc-arm-none-eabi-10.3-2021.10-win32/gcc-arm-none-eabi-10.3-2021.10/bin/../lib/gcc/arm-none-eabi/10.3.1/../../../../arm-none-eabi/lib/thumb/v7e-m+fp/hard/crt0.o
LOAD CMakeFiles/A_task.elf.dir/Core/Src/adc.c.obj
LOAD CMakeFiles/A_task.elf.dir/Core/Src/dac.c.obj
LOAD CMakeFiles/A_task.elf.dir/Core/Src/dma.c.obj
LOAD CMakeFiles/A_task.elf.dir/Core/Src/fsmc.c.obj
LOAD CMakeFiles/A_task.elf.dir/Core/Src/gpio.c.obj
LOAD CMakeFiles/A_task.elf.dir/Core/Src/main.c.obj
LOAD CMakeFiles/A_task.elf.dir/Core/Src/stm32f4xx_hal_msp.c.obj
LOAD CMakeFiles/A_task.elf.dir/Core/Src/stm32f4xx_it.c.obj
LOAD CMakeFiles/A_task.elf.dir/Core/Src/syscalls.c.obj
LOAD CMakeFiles/A_task.elf.dir/Core/Src/sysmem.c.obj
LOAD CMakeFiles/A_task.elf.dir/Core/Src/system_stm32f4xx.c.obj
LOAD CMakeFiles/A_task.elf.dir/Core/Src/tim.c.obj
LOAD CMakeFiles/A_task.elf.dir/Core/Src/usart.c.obj
LOAD CMakeFiles/A_task.elf.dir/Core/Startup/startup_stm32f407zgtx.s.obj
LOAD CMakeFiles/A_task.elf.dir/Drivers/STM32F4xx_HAL_Driver/Src/stm32f4xx_hal.c.obj
LOAD CMakeFiles/A_task.elf.dir/Drivers/STM32F4xx_HAL_Driver/Src/stm32f4xx_hal_adc.c.obj
LOAD CMakeFiles/A_task.elf.dir/Drivers/STM32F4xx_HAL_Driver/Src/stm32f4xx_hal_adc_ex.c.obj
LOAD CMakeFiles/A_task.elf.dir/Drivers/STM32F4xx_HAL_Driver/Src/stm32f4xx_hal_cortex.c.obj
LOAD CMakeFiles/A_task.elf.dir/Drivers/STM32F4xx_HAL_Driver/Src/stm32f4xx_hal_dac.c.obj
LOAD CMakeFiles/A_task.elf.dir/Drivers/STM32F4xx_HAL_Driver/Src/stm32f4xx_hal_dac_ex.c.obj
LOAD CMakeFiles/A_task.elf.dir/Drivers/STM32F4xx_HAL_Driver/Src/stm32f4xx_hal_dma.c.obj
LOAD CMakeFiles/A_task.elf.dir/Drivers/STM32F4xx_HAL_Driver/Src/stm32f4xx_hal_dma_ex.c.obj
LOAD CMakeFiles/A_task.elf.dir/Drivers/STM32F4xx_HAL_Driver/Src/stm32f4xx_hal_exti.c.obj
LOAD CMakeFiles/A_task.elf.dir/Drivers/STM32F4xx_HAL_Driver/Src/stm32f4xx_hal_flash.c.obj
LOAD CMakeFiles/A_task.elf.dir/Drivers/STM32F4xx_HAL_Driver/Src/stm32f4xx_hal_flash_ex.c.obj
LOAD CMakeFiles/A_task.elf.dir/Drivers/STM32F4xx_HAL_Driver/Src/stm32f4xx_hal_flash_ramfunc.c.obj
LOAD CMakeFiles/A_task.elf.dir/Drivers/STM32F4xx_HAL_Driver/Src/stm32f4xx_hal_gpio.c.obj
LOAD CMakeFiles/A_task.elf.dir/Drivers/STM32F4xx_HAL_Driver/Src/stm32f4xx_hal_pwr.c.obj
LOAD CMakeFiles/A_task.elf.dir/Drivers/STM32F4xx_HAL_Driver/Src/stm32f4xx_hal_pwr_ex.c.obj
LOAD CMakeFiles/A_task.elf.dir/Drivers/STM32F4xx_HAL_Driver/Src/stm32f4xx_hal_rcc.c.obj
LOAD CMakeFiles/A_task.elf.dir/Drivers/STM32F4xx_HAL_Driver/Src/stm32f4xx_hal_rcc_ex.c.obj
LOAD CMakeFiles/A_task.elf.dir/Drivers/STM32F4xx_HAL_Driver/Src/stm32f4xx_hal_sram.c.obj
LOAD CMakeFiles/A_task.elf.dir/Drivers/STM32F4xx_HAL_Driver/Src/stm32f4xx_hal_tim.c.obj
LOAD CMakeFiles/A_task.elf.dir/Drivers/STM32F4xx_HAL_Driver/Src/stm32f4xx_hal_tim_ex.c.obj
LOAD CMakeFiles/A_task.elf.dir/Drivers/STM32F4xx_HAL_Driver/Src/stm32f4xx_hal_uart.c.obj
LOAD CMakeFiles/A_task.elf.dir/Drivers/STM32F4xx_HAL_Driver/Src/stm32f4xx_ll_adc.c.obj
LOAD CMakeFiles/A_task.elf.dir/Drivers/STM32F4xx_HAL_Driver/Src/stm32f4xx_ll_fsmc.c.obj
LOAD D:\study\QEA2\Part2\Project\A_task\A_task\Middlewares\ST\ARM\DSP\Lib\libarm_cortexM4lf_math.a
START GROUP
LOAD d:/gcc-arm-none-eabi/gcc-arm-none-eabi-10.3-2021.10-win32/gcc-arm-none-eabi-10.3-2021.10/bin/../lib/gcc/arm-none-eabi/10.3.1/thumb/v7e-m+fp/hard\libgcc.a
LOAD d:/gcc-arm-none-eabi/gcc-arm-none-eabi-10.3-2021.10-win32/gcc-arm-none-eabi-10.3-2021.10/bin/../lib/gcc/arm-none-eabi/10.3.1/../../../../arm-none-eabi/lib/thumb/v7e-m+fp/hard\libg.a
LOAD d:/gcc-arm-none-eabi/gcc-arm-none-eabi-10.3-2021.10-win32/gcc-arm-none-eabi-10.3-2021.10/bin/../lib/gcc/arm-none-eabi/10.3.1/../../../../arm-none-eabi/lib/thumb/v7e-m+fp/hard\libc.a
END GROUP
LOAD d:/gcc-arm-none-eabi/gcc-arm-none-eabi-10.3-2021.10-win32/gcc-arm-none-eabi-10.3-2021.10/bin/../lib/gcc/arm-none-eabi/10.3.1/thumb/v7e-m+fp/hard/crtend.o
LOAD d:/gcc-arm-none-eabi/gcc-arm-none-eabi-10.3-2021.10-win32/gcc-arm-none-eabi-10.3-2021.10/bin/../lib/gcc/arm-none-eabi/10.3.1/thumb/v7e-m+fp/hard/crtn.o
                0x20020000                _estack = (ORIGIN (RAM) + LENGTH (RAM))
                0x00000200                _Min_Heap_Size = 0x200
                0x00000400                _Min_Stack_Size = 0x400

.isr_vector     0x08000000      0x188
                0x08000000                . = ALIGN (0x4)
 *(.isr_vector)
 .isr_vector    0x08000000      0x188 CMakeFiles/A_task.elf.dir/Core/Startup/startup_stm32f407zgtx.s.obj
                0x08000000                g_pfnVectors
                0x08000188                . = ALIGN (0x4)

.text           0x080001c0     0xeabc
                0x080001c0                . = ALIGN (0x4)
 *(.text)
 .text          0x080001c0       0x40 d:/gcc-arm-none-eabi/gcc-arm-none-eabi-10.3-2021.10-win32/gcc-arm-none-eabi-10.3-2021.10/bin/../lib/gcc/arm-none-eabi/10.3.1/thumb/v7e-m+fp/hard/crtbegin.o
 .text          0x08000200      0x378 d:/gcc-arm-none-eabi/gcc-arm-none-eabi-10.3-2021.10-win32/gcc-arm-none-eabi-10.3-2021.10/bin/../lib/gcc/arm-none-eabi/10.3.1/thumb/v7e-m+fp/hard\libgcc.a(_arm_addsubdf3.o)
                0x08000200                __aeabi_drsub
                0x08000208                __aeabi_dsub
                0x08000208                __subdf3
                0x0800020c                __aeabi_dadd
                0x0800020c                __adddf3
                0x08000484                __floatunsidf
                0x08000484                __aeabi_ui2d
                0x080004a4                __floatsidf
                0x080004a4                __aeabi_i2d
                0x080004c8                __aeabi_f2d
                0x080004c8                __extendsfdf2
                0x0800050c                __floatundidf
                0x0800050c                __aeabi_ul2d
                0x0800051c                __floatdidf
                0x0800051c                __aeabi_l2d
 .text          0x08000578       0x40 d:/gcc-arm-none-eabi/gcc-arm-none-eabi-10.3-2021.10-win32/gcc-arm-none-eabi-10.3-2021.10/bin/../lib/gcc/arm-none-eabi/10.3.1/thumb/v7e-m+fp/hard\libgcc.a(_arm_fixunsdfsi.o)
                0x08000578                __aeabi_d2uiz
                0x08000578                __fixunsdfsi
 .text          0x080005b8       0x30 d:/gcc-arm-none-eabi/gcc-arm-none-eabi-10.3-2021.10-win32/gcc-arm-none-eabi-10.3-2021.10/bin/../lib/gcc/arm-none-eabi/10.3.1/thumb/v7e-m+fp/hard\libgcc.a(_aeabi_uldivmod.o)
                0x080005b8                __aeabi_uldivmod
 .text          0x080005e8      0x2d0 d:/gcc-arm-none-eabi/gcc-arm-none-eabi-10.3-2021.10-win32/gcc-arm-none-eabi-10.3-2021.10/bin/../lib/gcc/arm-none-eabi/10.3.1/thumb/v7e-m+fp/hard\libgcc.a(_udivmoddi4.o)
                0x080005e8                __udivmoddi4
 .text          0x080008b8        0x4 d:/gcc-arm-none-eabi/gcc-arm-none-eabi-10.3-2021.10-win32/gcc-arm-none-eabi-10.3-2021.10/bin/../lib/gcc/arm-none-eabi/10.3.1/thumb/v7e-m+fp/hard\libgcc.a(_dvmd_tls.o)
                0x080008b8                __aeabi_idiv0
                0x080008b8                __aeabi_ldiv0
 *fill*         0x080008bc        0x4 
 .text          0x080008c0       0xa0 d:/gcc-arm-none-eabi/gcc-arm-none-eabi-10.3-2021.10-win32/gcc-arm-none-eabi-10.3-2021.10/bin/../lib/gcc/arm-none-eabi/10.3.1/../../../../arm-none-eabi/lib/thumb/v7e-m+fp/hard\libg.a(lib_a-memchr.o)
                0x080008c0                memchr
 .text          0x08000960      0x134 d:/gcc-arm-none-eabi/gcc-arm-none-eabi-10.3-2021.10-win32/gcc-arm-none-eabi-10.3-2021.10/bin/../lib/gcc/arm-none-eabi/10.3.1/../../../../arm-none-eabi/lib/thumb/v7e-m+fp/hard\libg.a(lib_a-memcpy.o)
                0x08000960                memcpy
 *fill*         0x08000a94       0x2c 
 .text          0x08000ac0       0xdc d:/gcc-arm-none-eabi/gcc-arm-none-eabi-10.3-2021.10-win32/gcc-arm-none-eabi-10.3-2021.10/bin/../lib/gcc/arm-none-eabi/10.3.1/../../../../arm-none-eabi/lib/thumb/v7e-m+fp/hard\libg.a(lib_a-strlen.o)
                0x08000ac0                strlen
 .text          0x08000b9c      0x424 d:/gcc-arm-none-eabi/gcc-arm-none-eabi-10.3-2021.10-win32/gcc-arm-none-eabi-10.3-2021.10/bin/../lib/gcc/arm-none-eabi/10.3.1/thumb/v7e-m+fp/hard\libgcc.a(_arm_muldivdf3.o)
                0x08000b9c                __aeabi_dmul
                0x08000b9c                __muldf3
                0x08000df0                __divdf3
                0x08000df0                __aeabi_ddiv
 .text          0x08000fc0      0x110 d:/gcc-arm-none-eabi/gcc-arm-none-eabi-10.3-2021.10-win32/gcc-arm-none-eabi-10.3-2021.10/bin/../lib/gcc/arm-none-eabi/10.3.1/thumb/v7e-m+fp/hard\libgcc.a(_arm_cmpdf2.o)
                0x08000fc0                __gtdf2
                0x08000fc0                __gedf2
                0x08000fc8                __ltdf2
                0x08000fc8                __ledf2
                0x08000fd0                __nedf2
                0x08000fd0                __eqdf2
                0x08000fd0                __cmpdf2
                0x0800104c                __aeabi_cdrcmple
                0x0800105c                __aeabi_cdcmpeq
                0x0800105c                __aeabi_cdcmple
                0x0800106c                __aeabi_dcmpeq
                0x08001080                __aeabi_dcmplt
                0x08001094                __aeabi_dcmple
                0x080010a8                __aeabi_dcmpge
                0x080010bc                __aeabi_dcmpgt
 .text          0x080010d0       0x2c d:/gcc-arm-none-eabi/gcc-arm-none-eabi-10.3-2021.10-win32/gcc-arm-none-eabi-10.3-2021.10/bin/../lib/gcc/arm-none-eabi/10.3.1/thumb/v7e-m+fp/hard\libgcc.a(_arm_unorddf2.o)
                0x080010d0                __unorddf2
                0x080010d0                __aeabi_dcmpun
 .text          0x080010fc       0x50 d:/gcc-arm-none-eabi/gcc-arm-none-eabi-10.3-2021.10-win32/gcc-arm-none-eabi-10.3-2021.10/bin/../lib/gcc/arm-none-eabi/10.3.1/thumb/v7e-m+fp/hard\libgcc.a(_arm_fixdfsi.o)
                0x080010fc                __aeabi_d2iz
                0x080010fc                __fixdfsi
 *(.text*)
 .text.MX_ADC1_Init
                0x0800114c       0x70 CMakeFiles/A_task.elf.dir/Core/Src/adc.c.obj
                0x0800114c                MX_ADC1_Init
 .text.HAL_ADC_MspInit
                0x080011bc       0xc0 CMakeFiles/A_task.elf.dir/Core/Src/adc.c.obj
                0x080011bc                HAL_ADC_MspInit
 .text.MX_DAC_Init
                0x0800127c       0x44 CMakeFiles/A_task.elf.dir/Core/Src/dac.c.obj
                0x0800127c                MX_DAC_Init
 .text.HAL_DAC_MspInit
                0x080012c0       0xc4 CMakeFiles/A_task.elf.dir/Core/Src/dac.c.obj
                0x080012c0                HAL_DAC_MspInit
 .text.MX_DMA_Init
                0x08001384       0x58 CMakeFiles/A_task.elf.dir/Core/Src/dma.c.obj
                0x08001384                MX_DMA_Init
 .text.HAL_FSMC_MspInit
                0x080013dc       0xb4 CMakeFiles/A_task.elf.dir/Core/Src/fsmc.c.obj
 .text.delay_us
                0x08001490       0x14 CMakeFiles/A_task.elf.dir/Core/Src/fsmc.c.obj
                0x08001490                delay_us
 .text.LCD_WR_REG
                0x080014a4       0x22 CMakeFiles/A_task.elf.dir/Core/Src/fsmc.c.obj
                0x080014a4                LCD_WR_REG
 .text.LCD_WR_DATA
                0x080014c6       0x22 CMakeFiles/A_task.elf.dir/Core/Src/fsmc.c.obj
                0x080014c6                LCD_WR_DATA
 .text.LCD_RD_DATA
                0x080014e8       0x1a CMakeFiles/A_task.elf.dir/Core/Src/fsmc.c.obj
                0x080014e8                LCD_RD_DATA
 .text.LCD_WriteReg
                0x08001502        0xe CMakeFiles/A_task.elf.dir/Core/Src/fsmc.c.obj
                0x08001502                LCD_WriteReg
 .text.LCD_WriteRAM_Prepare
                0x08001510       0x14 CMakeFiles/A_task.elf.dir/Core/Src/fsmc.c.obj
                0x08001510                LCD_WriteRAM_Prepare
 .text.LCD_SetCursor
                0x08001524      0x10c CMakeFiles/A_task.elf.dir/Core/Src/fsmc.c.obj
                0x08001524                LCD_SetCursor
 .text.LCD_Scan_Dir
                0x08001630      0x1d8 CMakeFiles/A_task.elf.dir/Core/Src/fsmc.c.obj
                0x08001630                LCD_Scan_Dir
 .text.LCD_DrawPoint
                0x08001808       0x1c CMakeFiles/A_task.elf.dir/Core/Src/fsmc.c.obj
                0x08001808                LCD_DrawPoint
 .text.LCD_Fast_DrawPoint
                0x08001824       0xf8 CMakeFiles/A_task.elf.dir/Core/Src/fsmc.c.obj
                0x08001824                LCD_Fast_DrawPoint
 *fill*         0x0800191c        0x4 
 .text.LCD_SSD_BackLightSet
                0x08001920       0x50 CMakeFiles/A_task.elf.dir/Core/Src/fsmc.c.obj
                0x08001920                LCD_SSD_BackLightSet
 .text.LCD_Display_Dir
                0x08001970      0x118 CMakeFiles/A_task.elf.dir/Core/Src/fsmc.c.obj
                0x08001970                LCD_Display_Dir
 .text.LCD_Clear
                0x08001a88       0x34 CMakeFiles/A_task.elf.dir/Core/Src/fsmc.c.obj
                0x08001a88                LCD_Clear
 .text.LCD_Init
                0x08001abc     0x2518 CMakeFiles/A_task.elf.dir/Core/Src/fsmc.c.obj
                0x08001abc                LCD_Init
 .text.LCD_DrawLine
                0x08003fd4       0x9e CMakeFiles/A_task.elf.dir/Core/Src/fsmc.c.obj
                0x08003fd4                LCD_DrawLine
 *fill*         0x08004072        0x2 
 .text.LCD_ShowChar
                0x08004074      0x110 CMakeFiles/A_task.elf.dir/Core/Src/fsmc.c.obj
                0x08004074                LCD_ShowChar
 .text._LCD_Pow
                0x08004184       0x16 CMakeFiles/A_task.elf.dir/Core/Src/fsmc.c.obj
                0x08004184                _LCD_Pow
 *fill*         0x0800419a        0x2 
 .text.LCD_ShowNum
                0x0800419c       0x94 CMakeFiles/A_task.elf.dir/Core/Src/fsmc.c.obj
                0x0800419c                LCD_ShowNum
 .text.MX_FSMC_Init
                0x08004230       0x8c CMakeFiles/A_task.elf.dir/Core/Src/fsmc.c.obj
                0x08004230                MX_FSMC_Init
 .text.HAL_SRAM_MspInit
                0x080042bc        0x8 CMakeFiles/A_task.elf.dir/Core/Src/fsmc.c.obj
                0x080042bc                HAL_SRAM_MspInit
 .text.MX_GPIO_Init
                0x080042c4      0x10c CMakeFiles/A_task.elf.dir/Core/Src/gpio.c.obj
                0x080042c4                MX_GPIO_Init
 .text.Generate_SineWave
                0x080043d0       0xc4 CMakeFiles/A_task.elf.dir/Core/Src/main.c.obj
                0x080043d0                Generate_SineWave
 .text.KEY_Scan
                0x08004494       0xd8 CMakeFiles/A_task.elf.dir/Core/Src/main.c.obj
                0x08004494                KEY_Scan
 .text.Start_DAC_With_DMA
                0x0800456c       0x28 CMakeFiles/A_task.elf.dir/Core/Src/main.c.obj
                0x0800456c                Start_DAC_With_DMA
 .text.HAL_ADC_ConvCpltCallback
                0x08004594        0xc CMakeFiles/A_task.elf.dir/Core/Src/main.c.obj
                0x08004594                HAL_ADC_ConvCpltCallback
 .text.HAL_TIM_PeriodElapsedCallback
                0x080045a0        0x2 CMakeFiles/A_task.elf.dir/Core/Src/main.c.obj
                0x080045a0                HAL_TIM_PeriodElapsedCallback
 *fill*         0x080045a2        0x2 
 .text.AdcDataDrawing
                0x080045a4       0x68 CMakeFiles/A_task.elf.dir/Core/Src/main.c.obj
                0x080045a4                AdcDataDrawing
 .text.DrawFFT  0x0800460c       0x70 CMakeFiles/A_task.elf.dir/Core/Src/main.c.obj
                0x0800460c                DrawFFT
 .text.axis_drawing
                0x0800467c      0x114 CMakeFiles/A_task.elf.dir/Core/Src/main.c.obj
                0x0800467c                axis_drawing
 .text.Error_Handler
                0x08004790        0x4 CMakeFiles/A_task.elf.dir/Core/Src/main.c.obj
                0x08004790                Error_Handler
 .text.SystemClock_Config
                0x08004794       0xa4 CMakeFiles/A_task.elf.dir/Core/Src/main.c.obj
                0x08004794                SystemClock_Config
 .text.main     0x08004838      0x194 CMakeFiles/A_task.elf.dir/Core/Src/main.c.obj
                0x08004838                main
 .text.HAL_MspInit
                0x080049cc       0x38 CMakeFiles/A_task.elf.dir/Core/Src/stm32f4xx_hal_msp.c.obj
                0x080049cc                HAL_MspInit
 .text.NMI_Handler
                0x08004a04        0x2 CMakeFiles/A_task.elf.dir/Core/Src/stm32f4xx_it.c.obj
                0x08004a04                NMI_Handler
 .text.HardFault_Handler
                0x08004a06        0x2 CMakeFiles/A_task.elf.dir/Core/Src/stm32f4xx_it.c.obj
                0x08004a06                HardFault_Handler
 .text.MemManage_Handler
                0x08004a08        0x2 CMakeFiles/A_task.elf.dir/Core/Src/stm32f4xx_it.c.obj
                0x08004a08                MemManage_Handler
 .text.BusFault_Handler
                0x08004a0a        0x2 CMakeFiles/A_task.elf.dir/Core/Src/stm32f4xx_it.c.obj
                0x08004a0a                BusFault_Handler
 .text.UsageFault_Handler
                0x08004a0c        0x2 CMakeFiles/A_task.elf.dir/Core/Src/stm32f4xx_it.c.obj
                0x08004a0c                UsageFault_Handler
 .text.SVC_Handler
                0x08004a0e        0x2 CMakeFiles/A_task.elf.dir/Core/Src/stm32f4xx_it.c.obj
                0x08004a0e                SVC_Handler
 .text.DebugMon_Handler
                0x08004a10        0x2 CMakeFiles/A_task.elf.dir/Core/Src/stm32f4xx_it.c.obj
                0x08004a10                DebugMon_Handler
 .text.PendSV_Handler
                0x08004a12        0x2 CMakeFiles/A_task.elf.dir/Core/Src/stm32f4xx_it.c.obj
                0x08004a12                PendSV_Handler
 .text.SysTick_Handler
                0x08004a14        0x8 CMakeFiles/A_task.elf.dir/Core/Src/stm32f4xx_it.c.obj
                0x08004a14                SysTick_Handler
 .text.DMA1_Stream5_IRQHandler
                0x08004a1c       0x10 CMakeFiles/A_task.elf.dir/Core/Src/stm32f4xx_it.c.obj
                0x08004a1c                DMA1_Stream5_IRQHandler
 .text.ADC_IRQHandler
                0x08004a2c       0x10 CMakeFiles/A_task.elf.dir/Core/Src/stm32f4xx_it.c.obj
                0x08004a2c                ADC_IRQHandler
 .text.TIM3_IRQHandler
                0x08004a3c       0x10 CMakeFiles/A_task.elf.dir/Core/Src/stm32f4xx_it.c.obj
                0x08004a3c                TIM3_IRQHandler
 .text.TIM6_DAC_IRQHandler
                0x08004a4c       0x18 CMakeFiles/A_task.elf.dir/Core/Src/stm32f4xx_it.c.obj
                0x08004a4c                TIM6_DAC_IRQHandler
 .text.DMA2_Stream0_IRQHandler
                0x08004a64       0x10 CMakeFiles/A_task.elf.dir/Core/Src/stm32f4xx_it.c.obj
                0x08004a64                DMA2_Stream0_IRQHandler
 .text._getpid  0x08004a74        0x4 CMakeFiles/A_task.elf.dir/Core/Src/syscalls.c.obj
                0x08004a74                _getpid
 .text._kill    0x08004a78       0x10 CMakeFiles/A_task.elf.dir/Core/Src/syscalls.c.obj
                0x08004a78                _kill
 .text._exit    0x08004a88        0xc CMakeFiles/A_task.elf.dir/Core/Src/syscalls.c.obj
                0x08004a88                _exit
 .text._read    0x08004a94       0x20 CMakeFiles/A_task.elf.dir/Core/Src/syscalls.c.obj
                0x08004a94                _read
 .text._write   0x08004ab4       0x1c CMakeFiles/A_task.elf.dir/Core/Src/syscalls.c.obj
                0x08004ab4                _write
 .text._close   0x08004ad0        0x6 CMakeFiles/A_task.elf.dir/Core/Src/syscalls.c.obj
                0x08004ad0                _close
 .text._fstat   0x08004ad6        0xa CMakeFiles/A_task.elf.dir/Core/Src/syscalls.c.obj
                0x08004ad6                _fstat
 .text._isatty  0x08004ae0        0x4 CMakeFiles/A_task.elf.dir/Core/Src/syscalls.c.obj
                0x08004ae0                _isatty
 .text._lseek   0x08004ae4        0x4 CMakeFiles/A_task.elf.dir/Core/Src/syscalls.c.obj
                0x08004ae4                _lseek
 .text._sbrk    0x08004ae8       0x48 CMakeFiles/A_task.elf.dir/Core/Src/sysmem.c.obj
                0x08004ae8                _sbrk
 .text.SystemInit
                0x08004b30       0x14 CMakeFiles/A_task.elf.dir/Core/Src/system_stm32f4xx.c.obj
                0x08004b30                SystemInit
 .text.MX_TIM3_Init
                0x08004b44       0x70 CMakeFiles/A_task.elf.dir/Core/Src/tim.c.obj
                0x08004b44                MX_TIM3_Init
 .text.MX_TIM6_Init
                0x08004bb4       0x54 CMakeFiles/A_task.elf.dir/Core/Src/tim.c.obj
                0x08004bb4                MX_TIM6_Init
 .text.HAL_TIM_Base_MspInit
                0x08004c08       0x74 CMakeFiles/A_task.elf.dir/Core/Src/tim.c.obj
                0x08004c08                HAL_TIM_Base_MspInit
 .text.MX_USART1_UART_Init
                0x08004c7c       0x34 CMakeFiles/A_task.elf.dir/Core/Src/usart.c.obj
                0x08004c7c                MX_USART1_UART_Init
 .text.HAL_UART_MspInit
                0x08004cb0       0x74 CMakeFiles/A_task.elf.dir/Core/Src/usart.c.obj
                0x08004cb0                HAL_UART_MspInit
 .text.__io_putchar
                0x08004d24       0x20 CMakeFiles/A_task.elf.dir/Core/Src/usart.c.obj
                0x08004d24                __io_putchar
 .text.Reset_Handler
                0x08004d44       0x50 CMakeFiles/A_task.elf.dir/Core/Startup/startup_stm32f407zgtx.s.obj
                0x08004d44                Reset_Handler
 .text.Default_Handler
                0x08004d94        0x2 CMakeFiles/A_task.elf.dir/Core/Startup/startup_stm32f407zgtx.s.obj
                0x08004d94                RTC_Alarm_IRQHandler
                0x08004d94                HASH_RNG_IRQHandler
                0x08004d94                EXTI2_IRQHandler
                0x08004d94                TIM8_CC_IRQHandler
                0x08004d94                TIM1_CC_IRQHandler
                0x08004d94                DMA2_Stream5_IRQHandler
                0x08004d94                PVD_IRQHandler
                0x08004d94                SDIO_IRQHandler
                0x08004d94                TAMP_STAMP_IRQHandler
                0x08004d94                CAN2_RX1_IRQHandler
                0x08004d94                EXTI3_IRQHandler
                0x08004d94                TIM8_TRG_COM_TIM14_IRQHandler
                0x08004d94                TIM1_UP_TIM10_IRQHandler
                0x08004d94                TIM8_UP_TIM13_IRQHandler
                0x08004d94                I2C3_ER_IRQHandler
                0x08004d94                EXTI0_IRQHandler
                0x08004d94                I2C2_EV_IRQHandler
                0x08004d94                DMA1_Stream2_IRQHandler
                0x08004d94                CAN1_RX0_IRQHandler
                0x08004d94                FPU_IRQHandler
                0x08004d94                OTG_HS_WKUP_IRQHandler
                0x08004d94                CAN2_SCE_IRQHandler
                0x08004d94                DMA2_Stream2_IRQHandler
                0x08004d94                SPI1_IRQHandler
                0x08004d94                TIM1_BRK_TIM9_IRQHandler
                0x08004d94                DCMI_IRQHandler
                0x08004d94                CAN2_RX0_IRQHandler
                0x08004d94                DMA2_Stream3_IRQHandler
                0x08004d94                USART6_IRQHandler
                0x08004d94                USART3_IRQHandler
                0x08004d94                CAN1_RX1_IRQHandler
                0x08004d94                UART5_IRQHandler
                0x08004d94                TIM4_IRQHandler
                0x08004d94                I2C1_EV_IRQHandler
                0x08004d94                DMA1_Stream6_IRQHandler
                0x08004d94                DMA1_Stream1_IRQHandler
                0x08004d94                UART4_IRQHandler
                0x08004d94                RCC_IRQHandler
                0x08004d94                TIM8_BRK_TIM12_IRQHandler
                0x08004d94                Default_Handler
                0x08004d94                EXTI15_10_IRQHandler
                0x08004d94                DMA1_Stream7_IRQHandler
                0x08004d94                TIM7_IRQHandler
                0x08004d94                CAN2_TX_IRQHandler
                0x08004d94                TIM5_IRQHandler
                0x08004d94                DMA2_Stream7_IRQHandler
                0x08004d94                I2C3_EV_IRQHandler
                0x08004d94                EXTI9_5_IRQHandler
                0x08004d94                RTC_WKUP_IRQHandler
                0x08004d94                ETH_WKUP_IRQHandler
                0x08004d94                SPI2_IRQHandler
                0x08004d94                OTG_HS_EP1_IN_IRQHandler
                0x08004d94                DMA1_Stream0_IRQHandler
                0x08004d94                CAN1_TX_IRQHandler
                0x08004d94                EXTI4_IRQHandler
                0x08004d94                FSMC_IRQHandler
                0x08004d94                ETH_IRQHandler
                0x08004d94                OTG_HS_EP1_OUT_IRQHandler
                0x08004d94                WWDG_IRQHandler
                0x08004d94                TIM2_IRQHandler
                0x08004d94                OTG_FS_WKUP_IRQHandler
                0x08004d94                TIM1_TRG_COM_TIM11_IRQHandler
                0x08004d94                OTG_HS_IRQHandler
                0x08004d94                EXTI1_IRQHandler
                0x08004d94                USART2_IRQHandler
                0x08004d94                I2C2_ER_IRQHandler
                0x08004d94                DMA2_Stream1_IRQHandler
                0x08004d94                CAN1_SCE_IRQHandler
                0x08004d94                FLASH_IRQHandler
                0x08004d94                DMA2_Stream4_IRQHandler
                0x08004d94                USART1_IRQHandler
                0x08004d94                OTG_FS_IRQHandler
                0x08004d94                SPI3_IRQHandler
                0x08004d94                DMA1_Stream4_IRQHandler
                0x08004d94                I2C1_ER_IRQHandler
                0x08004d94                DMA2_Stream6_IRQHandler
                0x08004d94                DMA1_Stream3_IRQHandler
 *fill*         0x08004d96        0x2 
 .text.HAL_InitTick
                0x08004d98       0x4c CMakeFiles/A_task.elf.dir/Drivers/STM32F4xx_HAL_Driver/Src/stm32f4xx_hal.c.obj
                0x08004d98                HAL_InitTick
 .text.HAL_Init
                0x08004de4       0x34 CMakeFiles/A_task.elf.dir/Drivers/STM32F4xx_HAL_Driver/Src/stm32f4xx_hal.c.obj
                0x08004de4                HAL_Init
 .text.HAL_IncTick
                0x08004e18       0x18 CMakeFiles/A_task.elf.dir/Drivers/STM32F4xx_HAL_Driver/Src/stm32f4xx_hal.c.obj
                0x08004e18                HAL_IncTick
 .text.HAL_GetTick
                0x08004e30        0xc CMakeFiles/A_task.elf.dir/Drivers/STM32F4xx_HAL_Driver/Src/stm32f4xx_hal.c.obj
                0x08004e30                HAL_GetTick
 .text.HAL_Delay
                0x08004e3c       0x28 CMakeFiles/A_task.elf.dir/Drivers/STM32F4xx_HAL_Driver/Src/stm32f4xx_hal.c.obj
                0x08004e3c                HAL_Delay
 .text.ADC_Init
                0x08004e64      0x134 CMakeFiles/A_task.elf.dir/Drivers/STM32F4xx_HAL_Driver/Src/stm32f4xx_hal_adc.c.obj
 .text.HAL_ADC_Init
                0x08004f98       0x56 CMakeFiles/A_task.elf.dir/Drivers/STM32F4xx_HAL_Driver/Src/stm32f4xx_hal_adc.c.obj
                0x08004f98                HAL_ADC_Init
 *fill*         0x08004fee        0x2 
 .text.HAL_ADC_Start_IT
                0x08004ff0      0x150 CMakeFiles/A_task.elf.dir/Drivers/STM32F4xx_HAL_Driver/Src/stm32f4xx_hal_adc.c.obj
                0x08004ff0                HAL_ADC_Start_IT
 .text.HAL_ADC_GetValue
                0x08005140        0x6 CMakeFiles/A_task.elf.dir/Drivers/STM32F4xx_HAL_Driver/Src/stm32f4xx_hal_adc.c.obj
                0x08005140                HAL_ADC_GetValue
 .text.HAL_ADC_LevelOutOfWindowCallback
                0x08005146        0x2 CMakeFiles/A_task.elf.dir/Drivers/STM32F4xx_HAL_Driver/Src/stm32f4xx_hal_adc.c.obj
                0x08005146                HAL_ADC_LevelOutOfWindowCallback
 .text.HAL_ADC_ErrorCallback
                0x08005148        0x2 CMakeFiles/A_task.elf.dir/Drivers/STM32F4xx_HAL_Driver/Src/stm32f4xx_hal_adc.c.obj
                0x08005148                HAL_ADC_ErrorCallback
 .text.HAL_ADC_IRQHandler
                0x0800514a      0x142 CMakeFiles/A_task.elf.dir/Drivers/STM32F4xx_HAL_Driver/Src/stm32f4xx_hal_adc.c.obj
                0x0800514a                HAL_ADC_IRQHandler
 .text.HAL_ADC_ConfigChannel
                0x0800528c      0x198 CMakeFiles/A_task.elf.dir/Drivers/STM32F4xx_HAL_Driver/Src/stm32f4xx_hal_adc.c.obj
                0x0800528c                HAL_ADC_ConfigChannel
 .text.HAL_ADCEx_InjectedConvCpltCallback
                0x08005424        0x2 CMakeFiles/A_task.elf.dir/Drivers/STM32F4xx_HAL_Driver/Src/stm32f4xx_hal_adc_ex.c.obj
                0x08005424                HAL_ADCEx_InjectedConvCpltCallback
 *fill*         0x08005426        0x2 
 .text.HAL_NVIC_SetPriorityGrouping
                0x08005428       0x24 CMakeFiles/A_task.elf.dir/Drivers/STM32F4xx_HAL_Driver/Src/stm32f4xx_hal_cortex.c.obj
                0x08005428                HAL_NVIC_SetPriorityGrouping
 .text.HAL_NVIC_SetPriority
                0x0800544c       0x70 CMakeFiles/A_task.elf.dir/Drivers/STM32F4xx_HAL_Driver/Src/stm32f4xx_hal_cortex.c.obj
                0x0800544c                HAL_NVIC_SetPriority
 .text.HAL_NVIC_EnableIRQ
                0x080054bc       0x1c CMakeFiles/A_task.elf.dir/Drivers/STM32F4xx_HAL_Driver/Src/stm32f4xx_hal_cortex.c.obj
                0x080054bc                HAL_NVIC_EnableIRQ
 .text.HAL_SYSTICK_Config
                0x080054d8       0x28 CMakeFiles/A_task.elf.dir/Drivers/STM32F4xx_HAL_Driver/Src/stm32f4xx_hal_cortex.c.obj
                0x080054d8                HAL_SYSTICK_Config
 .text.HAL_DAC_Init
                0x08005500       0x24 CMakeFiles/A_task.elf.dir/Drivers/STM32F4xx_HAL_Driver/Src/stm32f4xx_hal_dac.c.obj
                0x08005500                HAL_DAC_Init
 .text.HAL_DAC_Start_DMA
                0x08005524       0xfc CMakeFiles/A_task.elf.dir/Drivers/STM32F4xx_HAL_Driver/Src/stm32f4xx_hal_dac.c.obj
                0x08005524                HAL_DAC_Start_DMA
 .text.HAL_DAC_ConvCpltCallbackCh1
                0x08005620        0x2 CMakeFiles/A_task.elf.dir/Drivers/STM32F4xx_HAL_Driver/Src/stm32f4xx_hal_dac.c.obj
                0x08005620                HAL_DAC_ConvCpltCallbackCh1
 .text.DAC_DMAConvCpltCh1
                0x08005622       0x10 CMakeFiles/A_task.elf.dir/Drivers/STM32F4xx_HAL_Driver/Src/stm32f4xx_hal_dac.c.obj
                0x08005622                DAC_DMAConvCpltCh1
 .text.HAL_DAC_ConvHalfCpltCallbackCh1
                0x08005632        0x2 CMakeFiles/A_task.elf.dir/Drivers/STM32F4xx_HAL_Driver/Src/stm32f4xx_hal_dac.c.obj
                0x08005632                HAL_DAC_ConvHalfCpltCallbackCh1
 .text.DAC_DMAHalfConvCpltCh1
                0x08005634        0xa CMakeFiles/A_task.elf.dir/Drivers/STM32F4xx_HAL_Driver/Src/stm32f4xx_hal_dac.c.obj
                0x08005634                DAC_DMAHalfConvCpltCh1
 .text.HAL_DAC_ErrorCallbackCh1
                0x0800563e        0x2 CMakeFiles/A_task.elf.dir/Drivers/STM32F4xx_HAL_Driver/Src/stm32f4xx_hal_dac.c.obj
                0x0800563e                HAL_DAC_ErrorCallbackCh1
 .text.DAC_DMAErrorCh1
                0x08005640       0x18 CMakeFiles/A_task.elf.dir/Drivers/STM32F4xx_HAL_Driver/Src/stm32f4xx_hal_dac.c.obj
                0x08005640                DAC_DMAErrorCh1
 .text.HAL_DAC_DMAUnderrunCallbackCh1
                0x08005658        0x2 CMakeFiles/A_task.elf.dir/Drivers/STM32F4xx_HAL_Driver/Src/stm32f4xx_hal_dac.c.obj
                0x08005658                HAL_DAC_DMAUnderrunCallbackCh1
 .text.HAL_DAC_IRQHandler
                0x0800565a       0x70 CMakeFiles/A_task.elf.dir/Drivers/STM32F4xx_HAL_Driver/Src/stm32f4xx_hal_dac.c.obj
                0x0800565a                HAL_DAC_IRQHandler
 .text.HAL_DAC_ConfigChannel
                0x080056ca       0x56 CMakeFiles/A_task.elf.dir/Drivers/STM32F4xx_HAL_Driver/Src/stm32f4xx_hal_dac.c.obj
                0x080056ca                HAL_DAC_ConfigChannel
 .text.HAL_DACEx_ConvCpltCallbackCh2
                0x08005720        0x2 CMakeFiles/A_task.elf.dir/Drivers/STM32F4xx_HAL_Driver/Src/stm32f4xx_hal_dac_ex.c.obj
                0x08005720                HAL_DACEx_ConvCpltCallbackCh2
 .text.HAL_DACEx_ConvHalfCpltCallbackCh2
                0x08005722        0x2 CMakeFiles/A_task.elf.dir/Drivers/STM32F4xx_HAL_Driver/Src/stm32f4xx_hal_dac_ex.c.obj
                0x08005722                HAL_DACEx_ConvHalfCpltCallbackCh2
 .text.HAL_DACEx_ErrorCallbackCh2
                0x08005724        0x2 CMakeFiles/A_task.elf.dir/Drivers/STM32F4xx_HAL_Driver/Src/stm32f4xx_hal_dac_ex.c.obj
                0x08005724                HAL_DACEx_ErrorCallbackCh2
 .text.HAL_DACEx_DMAUnderrunCallbackCh2
                0x08005726        0x2 CMakeFiles/A_task.elf.dir/Drivers/STM32F4xx_HAL_Driver/Src/stm32f4xx_hal_dac_ex.c.obj
                0x08005726                HAL_DACEx_DMAUnderrunCallbackCh2
 .text.DAC_DMAConvCpltCh2
                0x08005728       0x10 CMakeFiles/A_task.elf.dir/Drivers/STM32F4xx_HAL_Driver/Src/stm32f4xx_hal_dac_ex.c.obj
                0x08005728                DAC_DMAConvCpltCh2
 .text.DAC_DMAHalfConvCpltCh2
                0x08005738        0xa CMakeFiles/A_task.elf.dir/Drivers/STM32F4xx_HAL_Driver/Src/stm32f4xx_hal_dac_ex.c.obj
                0x08005738                DAC_DMAHalfConvCpltCh2
 .text.DAC_DMAErrorCh2
                0x08005742       0x18 CMakeFiles/A_task.elf.dir/Drivers/STM32F4xx_HAL_Driver/Src/stm32f4xx_hal_dac_ex.c.obj
                0x08005742                DAC_DMAErrorCh2
 .text.DMA_SetConfig
                0x0800575a       0x2c CMakeFiles/A_task.elf.dir/Drivers/STM32F4xx_HAL_Driver/Src/stm32f4xx_hal_dma.c.obj
 *fill*         0x08005786        0x2 
 .text.DMA_CalcBaseAndBitshift
                0x08005788       0x44 CMakeFiles/A_task.elf.dir/Drivers/STM32F4xx_HAL_Driver/Src/stm32f4xx_hal_dma.c.obj
 .text.DMA_CheckFifoParam
                0x080057cc       0x8e CMakeFiles/A_task.elf.dir/Drivers/STM32F4xx_HAL_Driver/Src/stm32f4xx_hal_dma.c.obj
 *fill*         0x0800585a        0x2 
 .text.HAL_DMA_Init
                0x0800585c       0xcc CMakeFiles/A_task.elf.dir/Drivers/STM32F4xx_HAL_Driver/Src/stm32f4xx_hal_dma.c.obj
                0x0800585c                HAL_DMA_Init
 .text.HAL_DMA_Start_IT
                0x08005928       0x6a CMakeFiles/A_task.elf.dir/Drivers/STM32F4xx_HAL_Driver/Src/stm32f4xx_hal_dma.c.obj
                0x08005928                HAL_DMA_Start_IT
 *fill*         0x08005992        0x2 
 .text.HAL_DMA_IRQHandler
                0x08005994      0x1dc CMakeFiles/A_task.elf.dir/Drivers/STM32F4xx_HAL_Driver/Src/stm32f4xx_hal_dma.c.obj
                0x08005994                HAL_DMA_IRQHandler
 .text.HAL_GPIO_Init
                0x08005b70      0x1e4 CMakeFiles/A_task.elf.dir/Drivers/STM32F4xx_HAL_Driver/Src/stm32f4xx_hal_gpio.c.obj
                0x08005b70                HAL_GPIO_Init
 .text.HAL_GPIO_ReadPin
                0x08005d54        0xe CMakeFiles/A_task.elf.dir/Drivers/STM32F4xx_HAL_Driver/Src/stm32f4xx_hal_gpio.c.obj
                0x08005d54                HAL_GPIO_ReadPin
 .text.HAL_GPIO_WritePin
                0x08005d62        0xc CMakeFiles/A_task.elf.dir/Drivers/STM32F4xx_HAL_Driver/Src/stm32f4xx_hal_gpio.c.obj
                0x08005d62                HAL_GPIO_WritePin
 *fill*         0x08005d6e        0x2 
 .text.HAL_RCC_OscConfig
                0x08005d70      0x3f8 CMakeFiles/A_task.elf.dir/Drivers/STM32F4xx_HAL_Driver/Src/stm32f4xx_hal_rcc.c.obj
                0x08005d70                HAL_RCC_OscConfig
 .text.HAL_RCC_GetSysClockFreq
                0x08006168       0xa4 CMakeFiles/A_task.elf.dir/Drivers/STM32F4xx_HAL_Driver/Src/stm32f4xx_hal_rcc.c.obj
                0x08006168                HAL_RCC_GetSysClockFreq
 .text.HAL_RCC_ClockConfig
                0x0800620c      0x160 CMakeFiles/A_task.elf.dir/Drivers/STM32F4xx_HAL_Driver/Src/stm32f4xx_hal_rcc.c.obj
                0x0800620c                HAL_RCC_ClockConfig
 .text.HAL_RCC_GetHCLKFreq
                0x0800636c        0xc CMakeFiles/A_task.elf.dir/Drivers/STM32F4xx_HAL_Driver/Src/stm32f4xx_hal_rcc.c.obj
                0x0800636c                HAL_RCC_GetHCLKFreq
 .text.HAL_RCC_GetPCLK1Freq
                0x08006378       0x20 CMakeFiles/A_task.elf.dir/Drivers/STM32F4xx_HAL_Driver/Src/stm32f4xx_hal_rcc.c.obj
                0x08006378                HAL_RCC_GetPCLK1Freq
 .text.HAL_RCC_GetPCLK2Freq
                0x08006398       0x20 CMakeFiles/A_task.elf.dir/Drivers/STM32F4xx_HAL_Driver/Src/stm32f4xx_hal_rcc.c.obj
                0x08006398                HAL_RCC_GetPCLK2Freq
 .text.HAL_SRAM_Init
                0x080063b8       0x58 CMakeFiles/A_task.elf.dir/Drivers/STM32F4xx_HAL_Driver/Src/stm32f4xx_hal_sram.c.obj
                0x080063b8                HAL_SRAM_Init
 .text.TIM_TI1_ConfigInputStage
                0x08006410       0x26 CMakeFiles/A_task.elf.dir/Drivers/STM32F4xx_HAL_Driver/Src/stm32f4xx_hal_tim.c.obj
 .text.TIM_TI2_ConfigInputStage
                0x08006436       0x28 CMakeFiles/A_task.elf.dir/Drivers/STM32F4xx_HAL_Driver/Src/stm32f4xx_hal_tim.c.obj
 .text.TIM_ITRx_SetConfig
                0x0800645e       0x10 CMakeFiles/A_task.elf.dir/Drivers/STM32F4xx_HAL_Driver/Src/stm32f4xx_hal_tim.c.obj
 *fill*         0x0800646e        0x2 
 .text.HAL_TIM_Base_Start_IT
                0x08006470       0x88 CMakeFiles/A_task.elf.dir/Drivers/STM32F4xx_HAL_Driver/Src/stm32f4xx_hal_tim.c.obj
                0x08006470                HAL_TIM_Base_Start_IT
 .text.HAL_TIM_OC_DelayElapsedCallback
                0x080064f8        0x2 CMakeFiles/A_task.elf.dir/Drivers/STM32F4xx_HAL_Driver/Src/stm32f4xx_hal_tim.c.obj
                0x080064f8                HAL_TIM_OC_DelayElapsedCallback
 .text.HAL_TIM_IC_CaptureCallback
                0x080064fa        0x2 CMakeFiles/A_task.elf.dir/Drivers/STM32F4xx_HAL_Driver/Src/stm32f4xx_hal_tim.c.obj
                0x080064fa                HAL_TIM_IC_CaptureCallback
 .text.HAL_TIM_PWM_PulseFinishedCallback
                0x080064fc        0x2 CMakeFiles/A_task.elf.dir/Drivers/STM32F4xx_HAL_Driver/Src/stm32f4xx_hal_tim.c.obj
                0x080064fc                HAL_TIM_PWM_PulseFinishedCallback
 .text.HAL_TIM_TriggerCallback
                0x080064fe        0x2 CMakeFiles/A_task.elf.dir/Drivers/STM32F4xx_HAL_Driver/Src/stm32f4xx_hal_tim.c.obj
                0x080064fe                HAL_TIM_TriggerCallback
 .text.HAL_TIM_IRQHandler
                0x08006500      0x17a CMakeFiles/A_task.elf.dir/Drivers/STM32F4xx_HAL_Driver/Src/stm32f4xx_hal_tim.c.obj
                0x08006500                HAL_TIM_IRQHandler
 *fill*         0x0800667a        0x2 
 .text.TIM_Base_SetConfig
                0x0800667c       0xc8 CMakeFiles/A_task.elf.dir/Drivers/STM32F4xx_HAL_Driver/Src/stm32f4xx_hal_tim.c.obj
                0x0800667c                TIM_Base_SetConfig
 .text.HAL_TIM_Base_Init
                0x08006744       0x58 CMakeFiles/A_task.elf.dir/Drivers/STM32F4xx_HAL_Driver/Src/stm32f4xx_hal_tim.c.obj
                0x08006744                HAL_TIM_Base_Init
 .text.TIM_ETR_SetConfig
                0x0800679c       0x1a CMakeFiles/A_task.elf.dir/Drivers/STM32F4xx_HAL_Driver/Src/stm32f4xx_hal_tim.c.obj
                0x0800679c                TIM_ETR_SetConfig
 .text.HAL_TIM_ConfigClockSource
                0x080067b6       0xfe CMakeFiles/A_task.elf.dir/Drivers/STM32F4xx_HAL_Driver/Src/stm32f4xx_hal_tim.c.obj
                0x080067b6                HAL_TIM_ConfigClockSource
 .text.HAL_TIMEx_MasterConfigSynchronization
                0x080068b4       0x8c CMakeFiles/A_task.elf.dir/Drivers/STM32F4xx_HAL_Driver/Src/stm32f4xx_hal_tim_ex.c.obj
                0x080068b4                HAL_TIMEx_MasterConfigSynchronization
 .text.HAL_TIMEx_CommutCallback
                0x08006940        0x2 CMakeFiles/A_task.elf.dir/Drivers/STM32F4xx_HAL_Driver/Src/stm32f4xx_hal_tim_ex.c.obj
                0x08006940                HAL_TIMEx_CommutCallback
 .text.HAL_TIMEx_BreakCallback
                0x08006942        0x2 CMakeFiles/A_task.elf.dir/Drivers/STM32F4xx_HAL_Driver/Src/stm32f4xx_hal_tim_ex.c.obj
                0x08006942                HAL_TIMEx_BreakCallback
 .text.UART_SetConfig
                0x08006944      0x110 CMakeFiles/A_task.elf.dir/Drivers/STM32F4xx_HAL_Driver/Src/stm32f4xx_hal_uart.c.obj
 .text.UART_WaitOnFlagUntilTimeout
                0x08006a54       0x88 CMakeFiles/A_task.elf.dir/Drivers/STM32F4xx_HAL_Driver/Src/stm32f4xx_hal_uart.c.obj
 .text.HAL_UART_Init
                0x08006adc       0x5e CMakeFiles/A_task.elf.dir/Drivers/STM32F4xx_HAL_Driver/Src/stm32f4xx_hal_uart.c.obj
                0x08006adc                HAL_UART_Init
 .text.HAL_UART_Transmit
                0x08006b3a       0xd8 CMakeFiles/A_task.elf.dir/Drivers/STM32F4xx_HAL_Driver/Src/stm32f4xx_hal_uart.c.obj
                0x08006b3a                HAL_UART_Transmit
 *fill*         0x08006c12        0x2 
 .text.FSMC_NORSRAM_Init
                0x08006c14       0x6c CMakeFiles/A_task.elf.dir/Drivers/STM32F4xx_HAL_Driver/Src/stm32f4xx_ll_fsmc.c.obj
                0x08006c14                FSMC_NORSRAM_Init
 .text.FSMC_NORSRAM_Timing_Init
                0x08006c80       0x44 CMakeFiles/A_task.elf.dir/Drivers/STM32F4xx_HAL_Driver/Src/stm32f4xx_ll_fsmc.c.obj
                0x08006c80                FSMC_NORSRAM_Timing_Init
 .text.FSMC_NORSRAM_Extended_Timing_Init
                0x08006cc4       0x44 CMakeFiles/A_task.elf.dir/Drivers/STM32F4xx_HAL_Driver/Src/stm32f4xx_ll_fsmc.c.obj
                0x08006cc4                FSMC_NORSRAM_Extended_Timing_Init
 .text.arm_cfft_radix4_init_f32
                0x08006d08       0xbc D:\study\QEA2\Part2\Project\A_task\A_task\Middlewares\ST\ARM\DSP\Lib\libarm_cortexM4lf_math.a(arm_cfft_radix4_init_f32.o)
                0x08006d08                arm_cfft_radix4_init_f32
 .text.arm_radix4_butterfly_f32
                0x08006dc4      0x354 D:\study\QEA2\Part2\Project\A_task\A_task\Middlewares\ST\ARM\DSP\Lib\libarm_cortexM4lf_math.a(arm_cfft_radix4_f32.o)
                0x08006dc4                arm_radix4_butterfly_f32
 .text.arm_radix4_butterfly_inverse_f32
                0x08007118      0x378 D:\study\QEA2\Part2\Project\A_task\A_task\Middlewares\ST\ARM\DSP\Lib\libarm_cortexM4lf_math.a(arm_cfft_radix4_f32.o)
                0x08007118                arm_radix4_butterfly_inverse_f32
 .text.arm_cfft_radix4_f32
                0x08007490       0x40 D:\study\QEA2\Part2\Project\A_task\A_task\Middlewares\ST\ARM\DSP\Lib\libarm_cortexM4lf_math.a(arm_cfft_radix4_f32.o)
                0x08007490                arm_cfft_radix4_f32
 .text.arm_bitreversal_f32
                0x080074d0       0xe0 D:\study\QEA2\Part2\Project\A_task\A_task\Middlewares\ST\ARM\DSP\Lib\libarm_cortexM4lf_math.a(arm_bitreversal.o)
                0x080074d0                arm_bitreversal_f32
 .text.arm_cmplx_mag_f32
                0x080075b0      0x248 D:\study\QEA2\Part2\Project\A_task\A_task\Middlewares\ST\ARM\DSP\Lib\libarm_cortexM4lf_math.a(arm_cmplx_mag_f32.o)
                0x080075b0                arm_cmplx_mag_f32
 .text.__errno  0x080077f8        0xc d:/gcc-arm-none-eabi/gcc-arm-none-eabi-10.3-2021.10-win32/gcc-arm-none-eabi-10.3-2021.10/bin/../lib/gcc/arm-none-eabi/10.3.1/../../../../arm-none-eabi/lib/thumb/v7e-m+fp/hard\libg.a(lib_a-errno.o)
                0x080077f8                __errno
 .text.__libc_init_array
                0x08007804       0x48 d:/gcc-arm-none-eabi/gcc-arm-none-eabi-10.3-2021.10-win32/gcc-arm-none-eabi-10.3-2021.10/bin/../lib/gcc/arm-none-eabi/10.3.1/../../../../arm-none-eabi/lib/thumb/v7e-m+fp/hard\libg.a(lib_a-init.o)
                0x08007804                __libc_init_array
 .text.memset   0x0800784c       0xa4 d:/gcc-arm-none-eabi/gcc-arm-none-eabi-10.3-2021.10-win32/gcc-arm-none-eabi-10.3-2021.10/bin/../lib/gcc/arm-none-eabi/10.3.1/../../../../arm-none-eabi/lib/thumb/v7e-m+fp/hard\libg.a(lib_a-memset.o)
                0x0800784c                memset
 .text.printf   0x080078f0       0x28 d:/gcc-arm-none-eabi/gcc-arm-none-eabi-10.3-2021.10-win32/gcc-arm-none-eabi-10.3-2021.10/bin/../lib/gcc/arm-none-eabi/10.3.1/../../../../arm-none-eabi/lib/thumb/v7e-m+fp/hard\libg.a(lib_a-printf.o)
                0x080078f0                printf
 .text._vfprintf_r
                0x08007918     0x1b90 d:/gcc-arm-none-eabi/gcc-arm-none-eabi-10.3-2021.10-win32/gcc-arm-none-eabi-10.3-2021.10/bin/../lib/gcc/arm-none-eabi/10.3.1/../../../../arm-none-eabi/lib/thumb/v7e-m+fp/hard\libg.a(lib_a-vfprintf.o)
                0x08007918                _vfprintf_r
 .text.__sbprintf
                0x080094a8       0x80 d:/gcc-arm-none-eabi/gcc-arm-none-eabi-10.3-2021.10-win32/gcc-arm-none-eabi-10.3-2021.10/bin/../lib/gcc/arm-none-eabi/10.3.1/../../../../arm-none-eabi/lib/thumb/v7e-m+fp/hard\libg.a(lib_a-vfprintf.o)
 .text.__swsetup_r
                0x08009528       0xd4 d:/gcc-arm-none-eabi/gcc-arm-none-eabi-10.3-2021.10-win32/gcc-arm-none-eabi-10.3-2021.10/bin/../lib/gcc/arm-none-eabi/10.3.1/../../../../arm-none-eabi/lib/thumb/v7e-m+fp/hard\libg.a(lib_a-wsetup.o)
                0x08009528                __swsetup_r
 .text.startup.register_fini
                0x080095fc       0x14 d:/gcc-arm-none-eabi/gcc-arm-none-eabi-10.3-2021.10-win32/gcc-arm-none-eabi-10.3-2021.10/bin/../lib/gcc/arm-none-eabi/10.3.1/../../../../arm-none-eabi/lib/thumb/v7e-m+fp/hard\libg.a(lib_a-__call_atexit.o)
 .text.atexit   0x08009610        0xc d:/gcc-arm-none-eabi/gcc-arm-none-eabi-10.3-2021.10-win32/gcc-arm-none-eabi-10.3-2021.10/bin/../lib/gcc/arm-none-eabi/10.3.1/../../../../arm-none-eabi/lib/thumb/v7e-m+fp/hard\libg.a(lib_a-atexit.o)
                0x08009610                atexit
 .text.quorem   0x0800961c      0x128 d:/gcc-arm-none-eabi/gcc-arm-none-eabi-10.3-2021.10-win32/gcc-arm-none-eabi-10.3-2021.10/bin/../lib/gcc/arm-none-eabi/10.3.1/../../../../arm-none-eabi/lib/thumb/v7e-m+fp/hard\libg.a(lib_a-dtoa.o)
 *fill*         0x08009744        0x4 
 .text._dtoa_r  0x08009748      0xf3c d:/gcc-arm-none-eabi/gcc-arm-none-eabi-10.3-2021.10-win32/gcc-arm-none-eabi-10.3-2021.10/bin/../lib/gcc/arm-none-eabi/10.3.1/../../../../arm-none-eabi/lib/thumb/v7e-m+fp/hard\libg.a(lib_a-dtoa.o)
                0x08009748                _dtoa_r
 .text.__sflush_r
                0x0800a684      0x130 d:/gcc-arm-none-eabi/gcc-arm-none-eabi-10.3-2021.10-win32/gcc-arm-none-eabi-10.3-2021.10/bin/../lib/gcc/arm-none-eabi/10.3.1/../../../../arm-none-eabi/lib/thumb/v7e-m+fp/hard\libg.a(lib_a-fflush.o)
                0x0800a684                __sflush_r
 .text._fflush_r
                0x0800a7b4       0x5c d:/gcc-arm-none-eabi/gcc-arm-none-eabi-10.3-2021.10-win32/gcc-arm-none-eabi-10.3-2021.10/bin/../lib/gcc/arm-none-eabi/10.3.1/../../../../arm-none-eabi/lib/thumb/v7e-m+fp/hard\libg.a(lib_a-fflush.o)
                0x0800a7b4                _fflush_r
 .text._cleanup_r
                0x0800a810        0xc d:/gcc-arm-none-eabi/gcc-arm-none-eabi-10.3-2021.10-win32/gcc-arm-none-eabi-10.3-2021.10/bin/../lib/gcc/arm-none-eabi/10.3.1/../../../../arm-none-eabi/lib/thumb/v7e-m+fp/hard\libg.a(lib_a-findfp.o)
                0x0800a810                _cleanup_r
 .text.__sinit  0x0800a81c      0x10c d:/gcc-arm-none-eabi/gcc-arm-none-eabi-10.3-2021.10-win32/gcc-arm-none-eabi-10.3-2021.10/bin/../lib/gcc/arm-none-eabi/10.3.1/../../../../arm-none-eabi/lib/thumb/v7e-m+fp/hard\libg.a(lib_a-findfp.o)
                0x0800a81c                __sinit
 .text.__sfp_lock_acquire
                0x0800a928        0xc d:/gcc-arm-none-eabi/gcc-arm-none-eabi-10.3-2021.10-win32/gcc-arm-none-eabi-10.3-2021.10/bin/../lib/gcc/arm-none-eabi/10.3.1/../../../../arm-none-eabi/lib/thumb/v7e-m+fp/hard\libg.a(lib_a-findfp.o)
                0x0800a928                __sfp_lock_acquire
 .text.__sfp_lock_release
                0x0800a934        0xc d:/gcc-arm-none-eabi/gcc-arm-none-eabi-10.3-2021.10-win32/gcc-arm-none-eabi-10.3-2021.10/bin/../lib/gcc/arm-none-eabi/10.3.1/../../../../arm-none-eabi/lib/thumb/v7e-m+fp/hard\libg.a(lib_a-findfp.o)
                0x0800a934                __sfp_lock_release
 .text.__libc_fini_array
                0x0800a940       0x2c d:/gcc-arm-none-eabi/gcc-arm-none-eabi-10.3-2021.10-win32/gcc-arm-none-eabi-10.3-2021.10/bin/../lib/gcc/arm-none-eabi/10.3.1/../../../../arm-none-eabi/lib/thumb/v7e-m+fp/hard\libg.a(lib_a-fini.o)
                0x0800a940                __libc_fini_array
 .text._malloc_trim_r
                0x0800a96c       0xa0 d:/gcc-arm-none-eabi/gcc-arm-none-eabi-10.3-2021.10-win32/gcc-arm-none-eabi-10.3-2021.10/bin/../lib/gcc/arm-none-eabi/10.3.1/../../../../arm-none-eabi/lib/thumb/v7e-m+fp/hard\libg.a(lib_a-freer.o)
                0x0800a96c                _malloc_trim_r
 .text._free_r  0x0800aa0c      0x20c d:/gcc-arm-none-eabi/gcc-arm-none-eabi-10.3-2021.10-win32/gcc-arm-none-eabi-10.3-2021.10/bin/../lib/gcc/arm-none-eabi/10.3.1/../../../../arm-none-eabi/lib/thumb/v7e-m+fp/hard\libg.a(lib_a-freer.o)
                0x0800aa0c                _free_r
 .text._fwalk_reent
                0x0800ac18       0x48 d:/gcc-arm-none-eabi/gcc-arm-none-eabi-10.3-2021.10-win32/gcc-arm-none-eabi-10.3-2021.10/bin/../lib/gcc/arm-none-eabi/10.3.1/../../../../arm-none-eabi/lib/thumb/v7e-m+fp/hard\libg.a(lib_a-fwalk.o)
                0x0800ac18                _fwalk_reent
 .text._localeconv_r
                0x0800ac60        0x8 d:/gcc-arm-none-eabi/gcc-arm-none-eabi-10.3-2021.10-win32/gcc-arm-none-eabi-10.3-2021.10/bin/../lib/gcc/arm-none-eabi/10.3.1/../../../../arm-none-eabi/lib/thumb/v7e-m+fp/hard\libg.a(lib_a-localeconv.o)
                0x0800ac60                _localeconv_r
 .text.__retarget_lock_init_recursive
                0x0800ac68        0x4 d:/gcc-arm-none-eabi/gcc-arm-none-eabi-10.3-2021.10-win32/gcc-arm-none-eabi-10.3-2021.10/bin/../lib/gcc/arm-none-eabi/10.3.1/../../../../arm-none-eabi/lib/thumb/v7e-m+fp/hard\libg.a(lib_a-lock.o)
                0x0800ac68                __retarget_lock_init_recursive
 .text.__retarget_lock_close_recursive
                0x0800ac6c        0x4 d:/gcc-arm-none-eabi/gcc-arm-none-eabi-10.3-2021.10-win32/gcc-arm-none-eabi-10.3-2021.10/bin/../lib/gcc/arm-none-eabi/10.3.1/../../../../arm-none-eabi/lib/thumb/v7e-m+fp/hard\libg.a(lib_a-lock.o)
                0x0800ac6c                __retarget_lock_close_recursive
 .text.__retarget_lock_acquire_recursive
                0x0800ac70        0x4 d:/gcc-arm-none-eabi/gcc-arm-none-eabi-10.3-2021.10-win32/gcc-arm-none-eabi-10.3-2021.10/bin/../lib/gcc/arm-none-eabi/10.3.1/../../../../arm-none-eabi/lib/thumb/v7e-m+fp/hard\libg.a(lib_a-lock.o)
                0x0800ac70                __retarget_lock_acquire_recursive
 .text.__retarget_lock_release_recursive
                0x0800ac74        0x4 d:/gcc-arm-none-eabi/gcc-arm-none-eabi-10.3-2021.10-win32/gcc-arm-none-eabi-10.3-2021.10/bin/../lib/gcc/arm-none-eabi/10.3.1/../../../../arm-none-eabi/lib/thumb/v7e-m+fp/hard\libg.a(lib_a-lock.o)
                0x0800ac74                __retarget_lock_release_recursive
 .text.__smakebuf_r
                0x0800ac78       0xe0 d:/gcc-arm-none-eabi/gcc-arm-none-eabi-10.3-2021.10-win32/gcc-arm-none-eabi-10.3-2021.10/bin/../lib/gcc/arm-none-eabi/10.3.1/../../../../arm-none-eabi/lib/thumb/v7e-m+fp/hard\libg.a(lib_a-makebuf.o)
                0x0800ac78                __smakebuf_r
 .text._malloc_r
                0x0800ad58      0x560 d:/gcc-arm-none-eabi/gcc-arm-none-eabi-10.3-2021.10-win32/gcc-arm-none-eabi-10.3-2021.10/bin/../lib/gcc/arm-none-eabi/10.3.1/../../../../arm-none-eabi/lib/thumb/v7e-m+fp/hard\libg.a(lib_a-mallocr.o)
                0x0800ad58                _malloc_r
 .text.__malloc_lock
                0x0800b2b8        0xc d:/gcc-arm-none-eabi/gcc-arm-none-eabi-10.3-2021.10-win32/gcc-arm-none-eabi-10.3-2021.10/bin/../lib/gcc/arm-none-eabi/10.3.1/../../../../arm-none-eabi/lib/thumb/v7e-m+fp/hard\libg.a(lib_a-mlock.o)
                0x0800b2b8                __malloc_lock
 .text.__malloc_unlock
                0x0800b2c4        0xc d:/gcc-arm-none-eabi/gcc-arm-none-eabi-10.3-2021.10-win32/gcc-arm-none-eabi-10.3-2021.10/bin/../lib/gcc/arm-none-eabi/10.3.1/../../../../arm-none-eabi/lib/thumb/v7e-m+fp/hard\libg.a(lib_a-mlock.o)
                0x0800b2c4                __malloc_unlock
 .text._Balloc  0x0800b2d0       0x4c d:/gcc-arm-none-eabi/gcc-arm-none-eabi-10.3-2021.10-win32/gcc-arm-none-eabi-10.3-2021.10/bin/../lib/gcc/arm-none-eabi/10.3.1/../../../../arm-none-eabi/lib/thumb/v7e-m+fp/hard\libg.a(lib_a-mprec.o)
                0x0800b2d0                _Balloc
 .text._Bfree   0x0800b31c       0x14 d:/gcc-arm-none-eabi/gcc-arm-none-eabi-10.3-2021.10-win32/gcc-arm-none-eabi-10.3-2021.10/bin/../lib/gcc/arm-none-eabi/10.3.1/../../../../arm-none-eabi/lib/thumb/v7e-m+fp/hard\libg.a(lib_a-mprec.o)
                0x0800b31c                _Bfree
 .text.__multadd
                0x0800b330       0xa8 d:/gcc-arm-none-eabi/gcc-arm-none-eabi-10.3-2021.10-win32/gcc-arm-none-eabi-10.3-2021.10/bin/../lib/gcc/arm-none-eabi/10.3.1/../../../../arm-none-eabi/lib/thumb/v7e-m+fp/hard\libg.a(lib_a-mprec.o)
                0x0800b330                __multadd
 .text.__hi0bits
                0x0800b3d8       0x40 d:/gcc-arm-none-eabi/gcc-arm-none-eabi-10.3-2021.10-win32/gcc-arm-none-eabi-10.3-2021.10/bin/../lib/gcc/arm-none-eabi/10.3.1/../../../../arm-none-eabi/lib/thumb/v7e-m+fp/hard\libg.a(lib_a-mprec.o)
                0x0800b3d8                __hi0bits
 .text.__lo0bits
                0x0800b418       0x60 d:/gcc-arm-none-eabi/gcc-arm-none-eabi-10.3-2021.10-win32/gcc-arm-none-eabi-10.3-2021.10/bin/../lib/gcc/arm-none-eabi/10.3.1/../../../../arm-none-eabi/lib/thumb/v7e-m+fp/hard\libg.a(lib_a-mprec.o)
                0x0800b418                __lo0bits
 .text.__i2b    0x0800b478       0x5c d:/gcc-arm-none-eabi/gcc-arm-none-eabi-10.3-2021.10-win32/gcc-arm-none-eabi-10.3-2021.10/bin/../lib/gcc/arm-none-eabi/10.3.1/../../../../arm-none-eabi/lib/thumb/v7e-m+fp/hard\libg.a(lib_a-mprec.o)
                0x0800b478                __i2b
 .text.__multiply
                0x0800b4d4      0x15c d:/gcc-arm-none-eabi/gcc-arm-none-eabi-10.3-2021.10-win32/gcc-arm-none-eabi-10.3-2021.10/bin/../lib/gcc/arm-none-eabi/10.3.1/../../../../arm-none-eabi/lib/thumb/v7e-m+fp/hard\libg.a(lib_a-mprec.o)
                0x0800b4d4                __multiply
 .text.__pow5mult
                0x0800b630       0xc0 d:/gcc-arm-none-eabi/gcc-arm-none-eabi-10.3-2021.10-win32/gcc-arm-none-eabi-10.3-2021.10/bin/../lib/gcc/arm-none-eabi/10.3.1/../../../../arm-none-eabi/lib/thumb/v7e-m+fp/hard\libg.a(lib_a-mprec.o)
                0x0800b630                __pow5mult
 .text.__lshift
                0x0800b6f0       0xf0 d:/gcc-arm-none-eabi/gcc-arm-none-eabi-10.3-2021.10-win32/gcc-arm-none-eabi-10.3-2021.10/bin/../lib/gcc/arm-none-eabi/10.3.1/../../../../arm-none-eabi/lib/thumb/v7e-m+fp/hard\libg.a(lib_a-mprec.o)
                0x0800b6f0                __lshift
 .text.__mcmp   0x0800b7e0       0x44 d:/gcc-arm-none-eabi/gcc-arm-none-eabi-10.3-2021.10-win32/gcc-arm-none-eabi-10.3-2021.10/bin/../lib/gcc/arm-none-eabi/10.3.1/../../../../arm-none-eabi/lib/thumb/v7e-m+fp/hard\libg.a(lib_a-mprec.o)
                0x0800b7e0                __mcmp
 .text.__mdiff  0x0800b824      0x14c d:/gcc-arm-none-eabi/gcc-arm-none-eabi-10.3-2021.10-win32/gcc-arm-none-eabi-10.3-2021.10/bin/../lib/gcc/arm-none-eabi/10.3.1/../../../../arm-none-eabi/lib/thumb/v7e-m+fp/hard\libg.a(lib_a-mprec.o)
                0x0800b824                __mdiff
 .text.__d2b    0x0800b970       0xd0 d:/gcc-arm-none-eabi/gcc-arm-none-eabi-10.3-2021.10-win32/gcc-arm-none-eabi-10.3-2021.10/bin/../lib/gcc/arm-none-eabi/10.3.1/../../../../arm-none-eabi/lib/thumb/v7e-m+fp/hard\libg.a(lib_a-mprec.o)
                0x0800b970                __d2b
 .text.frexp    0x0800ba40       0x6c d:/gcc-arm-none-eabi/gcc-arm-none-eabi-10.3-2021.10-win32/gcc-arm-none-eabi-10.3-2021.10/bin/../lib/gcc/arm-none-eabi/10.3.1/../../../../arm-none-eabi/lib/thumb/v7e-m+fp/hard\libg.a(lib_a-s_frexp.o)
                0x0800ba40                frexp
 .text._sbrk_r  0x0800baac       0x24 d:/gcc-arm-none-eabi/gcc-arm-none-eabi-10.3-2021.10-win32/gcc-arm-none-eabi-10.3-2021.10/bin/../lib/gcc/arm-none-eabi/10.3.1/../../../../arm-none-eabi/lib/thumb/v7e-m+fp/hard\libg.a(lib_a-sbrkr.o)
                0x0800baac                _sbrk_r
 .text.__sread  0x0800bad0       0x24 d:/gcc-arm-none-eabi/gcc-arm-none-eabi-10.3-2021.10-win32/gcc-arm-none-eabi-10.3-2021.10/bin/../lib/gcc/arm-none-eabi/10.3.1/../../../../arm-none-eabi/lib/thumb/v7e-m+fp/hard\libg.a(lib_a-stdio.o)
                0x0800bad0                __sread
 .text.__swrite
                0x0800baf4       0x40 d:/gcc-arm-none-eabi/gcc-arm-none-eabi-10.3-2021.10-win32/gcc-arm-none-eabi-10.3-2021.10/bin/../lib/gcc/arm-none-eabi/10.3.1/../../../../arm-none-eabi/lib/thumb/v7e-m+fp/hard\libg.a(lib_a-stdio.o)
                0x0800baf4                __swrite
 .text.__sseek  0x0800bb34       0x20 d:/gcc-arm-none-eabi/gcc-arm-none-eabi-10.3-2021.10-win32/gcc-arm-none-eabi-10.3-2021.10/bin/../lib/gcc/arm-none-eabi/10.3.1/../../../../arm-none-eabi/lib/thumb/v7e-m+fp/hard\libg.a(lib_a-stdio.o)
                0x0800bb34                __sseek
 .text.__sclose
                0x0800bb54        0x8 d:/gcc-arm-none-eabi/gcc-arm-none-eabi-10.3-2021.10-win32/gcc-arm-none-eabi-10.3-2021.10/bin/../lib/gcc/arm-none-eabi/10.3.1/../../../../arm-none-eabi/lib/thumb/v7e-m+fp/hard\libg.a(lib_a-stdio.o)
                0x0800bb54                __sclose
 .text.strncpy  0x0800bb5c       0x64 d:/gcc-arm-none-eabi/gcc-arm-none-eabi-10.3-2021.10-win32/gcc-arm-none-eabi-10.3-2021.10/bin/../lib/gcc/arm-none-eabi/10.3.1/../../../../arm-none-eabi/lib/thumb/v7e-m+fp/hard\libg.a(lib_a-strncpy.o)
                0x0800bb5c                strncpy
 .text.__sprint_r.part.0
                0x0800bbc0       0x78 d:/gcc-arm-none-eabi/gcc-arm-none-eabi-10.3-2021.10-win32/gcc-arm-none-eabi-10.3-2021.10/bin/../lib/gcc/arm-none-eabi/10.3.1/../../../../arm-none-eabi/lib/thumb/v7e-m+fp/hard\libg.a(lib_a-vfiprintf.o)
 .text.__sprint_r
                0x0800bc38       0x18 d:/gcc-arm-none-eabi/gcc-arm-none-eabi-10.3-2021.10-win32/gcc-arm-none-eabi-10.3-2021.10/bin/../lib/gcc/arm-none-eabi/10.3.1/../../../../arm-none-eabi/lib/thumb/v7e-m+fp/hard\libg.a(lib_a-vfiprintf.o)
                0x0800bc38                __sprint_r
 .text._vfiprintf_r
                0x0800bc50      0xdfc d:/gcc-arm-none-eabi/gcc-arm-none-eabi-10.3-2021.10-win32/gcc-arm-none-eabi-10.3-2021.10/bin/../lib/gcc/arm-none-eabi/10.3.1/../../../../arm-none-eabi/lib/thumb/v7e-m+fp/hard\libg.a(lib_a-vfiprintf.o)
                0x0800bc50                _vfiprintf_r
 .text.__sbprintf
                0x0800ca4c       0x80 d:/gcc-arm-none-eabi/gcc-arm-none-eabi-10.3-2021.10-win32/gcc-arm-none-eabi-10.3-2021.10/bin/../lib/gcc/arm-none-eabi/10.3.1/../../../../arm-none-eabi/lib/thumb/v7e-m+fp/hard\libg.a(lib_a-vfiprintf.o)
 .text._write_r
                0x0800cacc       0x2c d:/gcc-arm-none-eabi/gcc-arm-none-eabi-10.3-2021.10-win32/gcc-arm-none-eabi-10.3-2021.10/bin/../lib/gcc/arm-none-eabi/10.3.1/../../../../arm-none-eabi/lib/thumb/v7e-m+fp/hard\libg.a(lib_a-writer.o)
                0x0800cacc                _write_r
 .text.__register_exitproc
                0x0800caf8       0x8c d:/gcc-arm-none-eabi/gcc-arm-none-eabi-10.3-2021.10-win32/gcc-arm-none-eabi-10.3-2021.10/bin/../lib/gcc/arm-none-eabi/10.3.1/../../../../arm-none-eabi/lib/thumb/v7e-m+fp/hard\libg.a(lib_a-__atexit.o)
                0x0800caf8                __register_exitproc
 .text.__assert_func
                0x0800cb84       0x40 d:/gcc-arm-none-eabi/gcc-arm-none-eabi-10.3-2021.10-win32/gcc-arm-none-eabi-10.3-2021.10/bin/../lib/gcc/arm-none-eabi/10.3.1/../../../../arm-none-eabi/lib/thumb/v7e-m+fp/hard\libg.a(lib_a-assert.o)
                0x0800cb84                __assert_func
 .text._calloc_r
                0x0800cbc4       0x78 d:/gcc-arm-none-eabi/gcc-arm-none-eabi-10.3-2021.10-win32/gcc-arm-none-eabi-10.3-2021.10/bin/../lib/gcc/arm-none-eabi/10.3.1/../../../../arm-none-eabi/lib/thumb/v7e-m+fp/hard\libg.a(lib_a-callocr.o)
                0x0800cbc4                _calloc_r
 .text._close_r
                0x0800cc3c       0x24 d:/gcc-arm-none-eabi/gcc-arm-none-eabi-10.3-2021.10-win32/gcc-arm-none-eabi-10.3-2021.10/bin/../lib/gcc/arm-none-eabi/10.3.1/../../../../arm-none-eabi/lib/thumb/v7e-m+fp/hard\libg.a(lib_a-closer.o)
                0x0800cc3c                _close_r
 .text._fclose_r
                0x0800cc60       0xcc d:/gcc-arm-none-eabi/gcc-arm-none-eabi-10.3-2021.10-win32/gcc-arm-none-eabi-10.3-2021.10/bin/../lib/gcc/arm-none-eabi/10.3.1/../../../../arm-none-eabi/lib/thumb/v7e-m+fp/hard\libg.a(lib_a-fclose.o)
                0x0800cc60                _fclose_r
 .text.fiprintf
                0x0800cd2c       0x28 d:/gcc-arm-none-eabi/gcc-arm-none-eabi-10.3-2021.10-win32/gcc-arm-none-eabi-10.3-2021.10/bin/../lib/gcc/arm-none-eabi/10.3.1/../../../../arm-none-eabi/lib/thumb/v7e-m+fp/hard\libg.a(lib_a-fiprintf.o)
                0x0800cd2c                fiprintf
 .text.__fputwc
                0x0800cd54       0xa8 d:/gcc-arm-none-eabi/gcc-arm-none-eabi-10.3-2021.10-win32/gcc-arm-none-eabi-10.3-2021.10/bin/../lib/gcc/arm-none-eabi/10.3.1/../../../../arm-none-eabi/lib/thumb/v7e-m+fp/hard\libg.a(lib_a-fputwc.o)
                0x0800cd54                __fputwc
 .text._fputwc_r
                0x0800cdfc       0x68 d:/gcc-arm-none-eabi/gcc-arm-none-eabi-10.3-2021.10-win32/gcc-arm-none-eabi-10.3-2021.10/bin/../lib/gcc/arm-none-eabi/10.3.1/../../../../arm-none-eabi/lib/thumb/v7e-m+fp/hard\libg.a(lib_a-fputwc.o)
                0x0800cdfc                _fputwc_r
 .text._fstat_r
                0x0800ce64       0x2c d:/gcc-arm-none-eabi/gcc-arm-none-eabi-10.3-2021.10-win32/gcc-arm-none-eabi-10.3-2021.10/bin/../lib/gcc/arm-none-eabi/10.3.1/../../../../arm-none-eabi/lib/thumb/v7e-m+fp/hard\libg.a(lib_a-fstatr.o)
                0x0800ce64                _fstat_r
 .text.__sfvwrite_r
                0x0800ce90      0x2f0 d:/gcc-arm-none-eabi/gcc-arm-none-eabi-10.3-2021.10-win32/gcc-arm-none-eabi-10.3-2021.10/bin/../lib/gcc/arm-none-eabi/10.3.1/../../../../arm-none-eabi/lib/thumb/v7e-m+fp/hard\libg.a(lib_a-fvwrite.o)
                0x0800ce90                __sfvwrite_r
 .text._isatty_r
                0x0800d180       0x24 d:/gcc-arm-none-eabi/gcc-arm-none-eabi-10.3-2021.10-win32/gcc-arm-none-eabi-10.3-2021.10/bin/../lib/gcc/arm-none-eabi/10.3.1/../../../../arm-none-eabi/lib/thumb/v7e-m+fp/hard\libg.a(lib_a-isattyr.o)
                0x0800d180                _isatty_r
 .text.__locale_mb_cur_max
                0x0800d1a4        0xc d:/gcc-arm-none-eabi/gcc-arm-none-eabi-10.3-2021.10-win32/gcc-arm-none-eabi-10.3-2021.10/bin/../lib/gcc/arm-none-eabi/10.3.1/../../../../arm-none-eabi/lib/thumb/v7e-m+fp/hard\libg.a(lib_a-locale.o)
                0x0800d1a4                __locale_mb_cur_max
 .text._lseek_r
                0x0800d1b0       0x2c d:/gcc-arm-none-eabi/gcc-arm-none-eabi-10.3-2021.10-win32/gcc-arm-none-eabi-10.3-2021.10/bin/../lib/gcc/arm-none-eabi/10.3.1/../../../../arm-none-eabi/lib/thumb/v7e-m+fp/hard\libg.a(lib_a-lseekr.o)
                0x0800d1b0                _lseek_r
 .text.__ascii_mbtowc
                0x0800d1dc       0x2c d:/gcc-arm-none-eabi/gcc-arm-none-eabi-10.3-2021.10-win32/gcc-arm-none-eabi-10.3-2021.10/bin/../lib/gcc/arm-none-eabi/10.3.1/../../../../arm-none-eabi/lib/thumb/v7e-m+fp/hard\libg.a(lib_a-mbtowc_r.o)
                0x0800d1dc                __ascii_mbtowc
 .text.memmove  0x0800d208       0xf8 d:/gcc-arm-none-eabi/gcc-arm-none-eabi-10.3-2021.10-win32/gcc-arm-none-eabi-10.3-2021.10/bin/../lib/gcc/arm-none-eabi/10.3.1/../../../../arm-none-eabi/lib/thumb/v7e-m+fp/hard\libg.a(lib_a-memmove.o)
                0x0800d208                memmove
 .text._read_r  0x0800d300       0x2c d:/gcc-arm-none-eabi/gcc-arm-none-eabi-10.3-2021.10-win32/gcc-arm-none-eabi-10.3-2021.10/bin/../lib/gcc/arm-none-eabi/10.3.1/../../../../arm-none-eabi/lib/thumb/v7e-m+fp/hard\libg.a(lib_a-readr.o)
                0x0800d300                _read_r
 .text._realloc_r
                0x0800d32c      0x3d8 d:/gcc-arm-none-eabi/gcc-arm-none-eabi-10.3-2021.10-win32/gcc-arm-none-eabi-10.3-2021.10/bin/../lib/gcc/arm-none-eabi/10.3.1/../../../../arm-none-eabi/lib/thumb/v7e-m+fp/hard\libg.a(lib_a-reallocr.o)
                0x0800d32c                _realloc_r
 .text.__swbuf_r
                0x0800d704       0xb0 d:/gcc-arm-none-eabi/gcc-arm-none-eabi-10.3-2021.10-win32/gcc-arm-none-eabi-10.3-2021.10/bin/../lib/gcc/arm-none-eabi/10.3.1/../../../../arm-none-eabi/lib/thumb/v7e-m+fp/hard\libg.a(lib_a-wbuf.o)
                0x0800d704                __swbuf_r
 .text._wcrtomb_r
                0x0800d7b4       0x3c d:/gcc-arm-none-eabi/gcc-arm-none-eabi-10.3-2021.10-win32/gcc-arm-none-eabi-10.3-2021.10/bin/../lib/gcc/arm-none-eabi/10.3.1/../../../../arm-none-eabi/lib/thumb/v7e-m+fp/hard\libg.a(lib_a-wcrtomb.o)
                0x0800d7b4                _wcrtomb_r
 .text.__ascii_wctomb
                0x0800d7f0       0x1c d:/gcc-arm-none-eabi/gcc-arm-none-eabi-10.3-2021.10-win32/gcc-arm-none-eabi-10.3-2021.10/bin/../lib/gcc/arm-none-eabi/10.3.1/../../../../arm-none-eabi/lib/thumb/v7e-m+fp/hard\libg.a(lib_a-wctomb_r.o)
                0x0800d7f0                __ascii_wctomb
 .text.abort    0x0800d80c       0x10 d:/gcc-arm-none-eabi/gcc-arm-none-eabi-10.3-2021.10-win32/gcc-arm-none-eabi-10.3-2021.10/bin/../lib/gcc/arm-none-eabi/10.3.1/../../../../arm-none-eabi/lib/thumb/v7e-m+fp/hard\libg.a(lib_a-abort.o)
                0x0800d80c                abort
 .text.raise    0x0800d81c       0x5c d:/gcc-arm-none-eabi/gcc-arm-none-eabi-10.3-2021.10-win32/gcc-arm-none-eabi-10.3-2021.10/bin/../lib/gcc/arm-none-eabi/10.3.1/../../../../arm-none-eabi/lib/thumb/v7e-m+fp/hard\libg.a(lib_a-signal.o)
                0x0800d81c                raise
 .text._kill_r  0x0800d878       0x2c d:/gcc-arm-none-eabi/gcc-arm-none-eabi-10.3-2021.10-win32/gcc-arm-none-eabi-10.3-2021.10/bin/../lib/gcc/arm-none-eabi/10.3.1/../../../../arm-none-eabi/lib/thumb/v7e-m+fp/hard\libg.a(lib_a-signalr.o)
                0x0800d878                _kill_r
 .text._getpid_r
                0x0800d8a4        0x4 d:/gcc-arm-none-eabi/gcc-arm-none-eabi-10.3-2021.10-win32/gcc-arm-none-eabi-10.3-2021.10/bin/../lib/gcc/arm-none-eabi/10.3.1/../../../../arm-none-eabi/lib/thumb/v7e-m+fp/hard\libg.a(lib_a-signalr.o)
                0x0800d8a4                _getpid_r
 .text.sin      0x0800d8a8       0x90 d:/gcc-arm-none-eabi/gcc-arm-none-eabi-10.3-2021.10-win32/gcc-arm-none-eabi-10.3-2021.10/bin/../lib/gcc/arm-none-eabi/10.3.1/../../../../arm-none-eabi/lib/thumb/v7e-m+fp/hard\libm.a(lib_a-s_sin.o)
                0x0800d8a8                sin
 .text.sqrtf    0x0800d938       0x44 d:/gcc-arm-none-eabi/gcc-arm-none-eabi-10.3-2021.10-win32/gcc-arm-none-eabi-10.3-2021.10/bin/../lib/gcc/arm-none-eabi/10.3.1/../../../../arm-none-eabi/lib/thumb/v7e-m+fp/hard\libm.a(lib_a-wf_sqrt.o)
                0x0800d938                sqrtf
 *fill*         0x0800d97c        0x4 
 .text.__ieee754_rem_pio2
                0x0800d980      0x44c d:/gcc-arm-none-eabi/gcc-arm-none-eabi-10.3-2021.10-win32/gcc-arm-none-eabi-10.3-2021.10/bin/../lib/gcc/arm-none-eabi/10.3.1/../../../../arm-none-eabi/lib/thumb/v7e-m+fp/hard\libm.a(lib_a-e_rem_pio2.o)
                0x0800d980                __ieee754_rem_pio2
 .text.__ieee754_sqrtf
                0x0800ddcc        0x8 d:/gcc-arm-none-eabi/gcc-arm-none-eabi-10.3-2021.10-win32/gcc-arm-none-eabi-10.3-2021.10/bin/../lib/gcc/arm-none-eabi/10.3.1/../../../../arm-none-eabi/lib/thumb/v7e-m+fp/hard\libm.a(lib_a-ef_sqrt.o)
                0x0800ddcc                __ieee754_sqrtf
 *fill*         0x0800ddd4        0x4 
 .text.__kernel_cos
                0x0800ddd8      0x27c d:/gcc-arm-none-eabi/gcc-arm-none-eabi-10.3-2021.10-win32/gcc-arm-none-eabi-10.3-2021.10/bin/../lib/gcc/arm-none-eabi/10.3.1/../../../../arm-none-eabi/lib/thumb/v7e-m+fp/hard\libm.a(lib_a-k_cos.o)
                0x0800ddd8                __kernel_cos
 *fill*         0x0800e054        0x4 
 .text.__kernel_rem_pio2
                0x0800e058      0x850 d:/gcc-arm-none-eabi/gcc-arm-none-eabi-10.3-2021.10-win32/gcc-arm-none-eabi-10.3-2021.10/bin/../lib/gcc/arm-none-eabi/10.3.1/../../../../arm-none-eabi/lib/thumb/v7e-m+fp/hard\libm.a(lib_a-k_rem_pio2.o)
                0x0800e058                __kernel_rem_pio2
 .text.__kernel_sin
                0x0800e8a8      0x17c d:/gcc-arm-none-eabi/gcc-arm-none-eabi-10.3-2021.10-win32/gcc-arm-none-eabi-10.3-2021.10/bin/../lib/gcc/arm-none-eabi/10.3.1/../../../../arm-none-eabi/lib/thumb/v7e-m+fp/hard\libm.a(lib_a-k_sin.o)
                0x0800e8a8                __kernel_sin
 .text.fabs     0x0800ea24       0x14 d:/gcc-arm-none-eabi/gcc-arm-none-eabi-10.3-2021.10-win32/gcc-arm-none-eabi-10.3-2021.10/bin/../lib/gcc/arm-none-eabi/10.3.1/../../../../arm-none-eabi/lib/thumb/v7e-m+fp/hard\libm.a(lib_a-s_fabs.o)
                0x0800ea24                fabs
 .text.floor    0x0800ea38      0x108 d:/gcc-arm-none-eabi/gcc-arm-none-eabi-10.3-2021.10-win32/gcc-arm-none-eabi-10.3-2021.10/bin/../lib/gcc/arm-none-eabi/10.3.1/../../../../arm-none-eabi/lib/thumb/v7e-m+fp/hard\libm.a(lib_a-s_floor.o)
                0x0800ea38                floor
 .text.scalbn   0x0800eb40      0x124 d:/gcc-arm-none-eabi/gcc-arm-none-eabi-10.3-2021.10-win32/gcc-arm-none-eabi-10.3-2021.10/bin/../lib/gcc/arm-none-eabi/10.3.1/../../../../arm-none-eabi/lib/thumb/v7e-m+fp/hard\libm.a(lib_a-s_scalbn.o)
                0x0800eb40                scalbn
 *(.glue_7)
 .glue_7        0x0800ec64        0x0 linker stubs
 *(.glue_7t)
 .glue_7t       0x0800ec64        0x0 linker stubs
 *(.eh_frame)
 .eh_frame      0x0800ec64        0x0 d:/gcc-arm-none-eabi/gcc-arm-none-eabi-10.3-2021.10-win32/gcc-arm-none-eabi-10.3-2021.10/bin/../lib/gcc/arm-none-eabi/10.3.1/thumb/v7e-m+fp/hard/crtbegin.o
 *(.init)
 .init          0x0800ec64        0x4 d:/gcc-arm-none-eabi/gcc-arm-none-eabi-10.3-2021.10-win32/gcc-arm-none-eabi-10.3-2021.10/bin/../lib/gcc/arm-none-eabi/10.3.1/thumb/v7e-m+fp/hard/crti.o
                0x0800ec64                _init
 .init          0x0800ec68        0x8 d:/gcc-arm-none-eabi/gcc-arm-none-eabi-10.3-2021.10-win32/gcc-arm-none-eabi-10.3-2021.10/bin/../lib/gcc/arm-none-eabi/10.3.1/thumb/v7e-m+fp/hard/crtn.o
 *(.fini)
 .fini          0x0800ec70        0x4 d:/gcc-arm-none-eabi/gcc-arm-none-eabi-10.3-2021.10-win32/gcc-arm-none-eabi-10.3-2021.10/bin/../lib/gcc/arm-none-eabi/10.3.1/thumb/v7e-m+fp/hard/crti.o
                0x0800ec70                _fini
 .fini          0x0800ec74        0x8 d:/gcc-arm-none-eabi/gcc-arm-none-eabi-10.3-2021.10-win32/gcc-arm-none-eabi-10.3-2021.10/bin/../lib/gcc/arm-none-eabi/10.3.1/thumb/v7e-m+fp/hard/crtn.o
                0x0800ec7c                . = ALIGN (0x4)
                0x0800ec7c                _etext = .

.vfp11_veneer   0x0800ec7c        0x0
 .vfp11_veneer  0x0800ec7c        0x0 linker stubs

.v4_bx          0x0800ec7c        0x0
 .v4_bx         0x0800ec7c        0x0 linker stubs

.iplt           0x0800ec7c        0x0
 .iplt          0x0800ec7c        0x0 d:/gcc-arm-none-eabi/gcc-arm-none-eabi-10.3-2021.10-win32/gcc-arm-none-eabi-10.3-2021.10/bin/../lib/gcc/arm-none-eabi/10.3.1/thumb/v7e-m+fp/hard/crtbegin.o

.rodata         0x0800ec80     0xd548
                0x0800ec80                . = ALIGN (0x4)
 *(.rodata)
 *(.rodata*)
 .rodata.LCD_Init.str1.4
                0x0800ec80        0xc CMakeFiles/A_task.elf.dir/Core/Src/fsmc.c.obj
 .rodata.asc2_1206
                0x0800ec8c      0x474 CMakeFiles/A_task.elf.dir/Core/Src/fsmc.c.obj
                0x0800ec8c                asc2_1206
 .rodata.asc2_1608
                0x0800f100      0x5f0 CMakeFiles/A_task.elf.dir/Core/Src/fsmc.c.obj
                0x0800f100                asc2_1608
 .rodata.asc2_2412
                0x0800f6f0      0xd5c CMakeFiles/A_task.elf.dir/Core/Src/fsmc.c.obj
                0x0800f6f0                asc2_2412
 .rodata.asc2_3216
                0x0801044c     0x2f80 CMakeFiles/A_task.elf.dir/Core/Src/fsmc.c.obj
                0x0801044c                asc2_3216
 .rodata.main.str1.4
                0x080133cc        0x5 CMakeFiles/A_task.elf.dir/Core/Src/main.c.obj
 *fill*         0x080133d1        0x3 
 .rodata.AHBPrescTable
                0x080133d4       0x10 CMakeFiles/A_task.elf.dir/Core/Src/system_stm32f4xx.c.obj
                0x080133d4                AHBPrescTable
 .rodata.APBPrescTable
                0x080133e4        0x8 CMakeFiles/A_task.elf.dir/Core/Src/system_stm32f4xx.c.obj
                0x080133e4                APBPrescTable
 .rodata.flagBitshiftOffset.0
                0x080133ec        0x8 CMakeFiles/A_task.elf.dir/Drivers/STM32F4xx_HAL_Driver/Src/stm32f4xx_hal_dma.c.obj
 .rodata.armBitRevTable
                0x080133f4      0x800 D:\study\QEA2\Part2\Project\A_task\A_task\Middlewares\ST\ARM\DSP\Lib\libarm_cortexM4lf_math.a(arm_common_tables.o)
                0x080133f4                armBitRevTable
 .rodata.twiddleCoef_4096
                0x08013bf4     0x8000 D:\study\QEA2\Part2\Project\A_task\A_task\Middlewares\ST\ARM\DSP\Lib\libarm_cortexM4lf_math.a(arm_common_tables.o)
                0x08013bf4                twiddleCoef_4096
 .rodata._global_impure_ptr
                0x0801bbf4        0x4 d:/gcc-arm-none-eabi/gcc-arm-none-eabi-10.3-2021.10-win32/gcc-arm-none-eabi-10.3-2021.10/bin/../lib/gcc/arm-none-eabi/10.3.1/../../../../arm-none-eabi/lib/thumb/v7e-m+fp/hard\libg.a(lib_a-impure.o)
                0x0801bbf4                _global_impure_ptr
 .rodata._vfprintf_r.str1.4
                0x0801bbf8       0x42 d:/gcc-arm-none-eabi/gcc-arm-none-eabi-10.3-2021.10-win32/gcc-arm-none-eabi-10.3-2021.10/bin/../lib/gcc/arm-none-eabi/10.3.1/../../../../arm-none-eabi/lib/thumb/v7e-m+fp/hard\libg.a(lib_a-vfprintf.o)
 *fill*         0x0801bc3a        0x2 
 .rodata.blanks.1
                0x0801bc3c       0x10 d:/gcc-arm-none-eabi/gcc-arm-none-eabi-10.3-2021.10-win32/gcc-arm-none-eabi-10.3-2021.10/bin/../lib/gcc/arm-none-eabi/10.3.1/../../../../arm-none-eabi/lib/thumb/v7e-m+fp/hard\libg.a(lib_a-vfprintf.o)
 .rodata.zeroes.0
                0x0801bc4c       0x10 d:/gcc-arm-none-eabi/gcc-arm-none-eabi-10.3-2021.10-win32/gcc-arm-none-eabi-10.3-2021.10/bin/../lib/gcc/arm-none-eabi/10.3.1/../../../../arm-none-eabi/lib/thumb/v7e-m+fp/hard\libg.a(lib_a-vfprintf.o)
 .rodata._dtoa_r.str1.4
                0x0801bc5c       0xa2 d:/gcc-arm-none-eabi/gcc-arm-none-eabi-10.3-2021.10-win32/gcc-arm-none-eabi-10.3-2021.10/bin/../lib/gcc/arm-none-eabi/10.3.1/../../../../arm-none-eabi/lib/thumb/v7e-m+fp/hard\libg.a(lib_a-dtoa.o)
                                 0xa6 (size before relaxing)
 *fill*         0x0801bcfe        0x2 
 .rodata.__multadd.str1.4
                0x0801bd00       0x7f d:/gcc-arm-none-eabi/gcc-arm-none-eabi-10.3-2021.10-win32/gcc-arm-none-eabi-10.3-2021.10/bin/../lib/gcc/arm-none-eabi/10.3.1/../../../../arm-none-eabi/lib/thumb/v7e-m+fp/hard\libg.a(lib_a-mprec.o)
                                 0x93 (size before relaxing)
 *fill*         0x0801bd7f        0x1 
 .rodata.__mprec_bigtens
                0x0801bd80       0x28 d:/gcc-arm-none-eabi/gcc-arm-none-eabi-10.3-2021.10-win32/gcc-arm-none-eabi-10.3-2021.10/bin/../lib/gcc/arm-none-eabi/10.3.1/../../../../arm-none-eabi/lib/thumb/v7e-m+fp/hard\libg.a(lib_a-mprec.o)
                0x0801bd80                __mprec_bigtens
 .rodata.__mprec_tens
                0x0801bda8       0xc8 d:/gcc-arm-none-eabi/gcc-arm-none-eabi-10.3-2021.10-win32/gcc-arm-none-eabi-10.3-2021.10/bin/../lib/gcc/arm-none-eabi/10.3.1/../../../../arm-none-eabi/lib/thumb/v7e-m+fp/hard\libg.a(lib_a-mprec.o)
                0x0801bda8                __mprec_tens
 .rodata.p05.0  0x0801be70        0xc d:/gcc-arm-none-eabi/gcc-arm-none-eabi-10.3-2021.10-win32/gcc-arm-none-eabi-10.3-2021.10/bin/../lib/gcc/arm-none-eabi/10.3.1/../../../../arm-none-eabi/lib/thumb/v7e-m+fp/hard\libg.a(lib_a-mprec.o)
 .rodata._vfiprintf_r.str1.4
                0x0801be7c       0x2f d:/gcc-arm-none-eabi/gcc-arm-none-eabi-10.3-2021.10-win32/gcc-arm-none-eabi-10.3-2021.10/bin/../lib/gcc/arm-none-eabi/10.3.1/../../../../arm-none-eabi/lib/thumb/v7e-m+fp/hard\libg.a(lib_a-vfiprintf.o)
 .rodata.blanks.1
                0x0801be7c       0x10 d:/gcc-arm-none-eabi/gcc-arm-none-eabi-10.3-2021.10-win32/gcc-arm-none-eabi-10.3-2021.10/bin/../lib/gcc/arm-none-eabi/10.3.1/../../../../arm-none-eabi/lib/thumb/v7e-m+fp/hard\libg.a(lib_a-vfiprintf.o)
 .rodata.zeroes.0
                0x0801be8c       0x10 d:/gcc-arm-none-eabi/gcc-arm-none-eabi-10.3-2021.10-win32/gcc-arm-none-eabi-10.3-2021.10/bin/../lib/gcc/arm-none-eabi/10.3.1/../../../../arm-none-eabi/lib/thumb/v7e-m+fp/hard\libg.a(lib_a-vfiprintf.o)
 .rodata.__assert_func.str1.4
                0x0801be9c       0x3f d:/gcc-arm-none-eabi/gcc-arm-none-eabi-10.3-2021.10-win32/gcc-arm-none-eabi-10.3-2021.10/bin/../lib/gcc/arm-none-eabi/10.3.1/../../../../arm-none-eabi/lib/thumb/v7e-m+fp/hard\libg.a(lib_a-assert.o)
                                 0x43 (size before relaxing)
 *fill*         0x0801bedb        0x1 
 .rodata._setlocale_r.str1.4
                0x0801bedc        0xa d:/gcc-arm-none-eabi/gcc-arm-none-eabi-10.3-2021.10-win32/gcc-arm-none-eabi-10.3-2021.10/bin/../lib/gcc/arm-none-eabi/10.3.1/../../../../arm-none-eabi/lib/thumb/v7e-m+fp/hard\libg.a(lib_a-locale.o)
                                  0xd (size before relaxing)
 *fill*         0x0801bee6        0x2 
 .rodata.str1.4
                0x0801bee8        0x2 d:/gcc-arm-none-eabi/gcc-arm-none-eabi-10.3-2021.10-win32/gcc-arm-none-eabi-10.3-2021.10/bin/../lib/gcc/arm-none-eabi/10.3.1/../../../../arm-none-eabi/lib/thumb/v7e-m+fp/hard\libg.a(lib_a-locale.o)
 *fill*         0x0801beea        0x2 
 .rodata._ctype_
                0x0801beec      0x101 d:/gcc-arm-none-eabi/gcc-arm-none-eabi-10.3-2021.10-win32/gcc-arm-none-eabi-10.3-2021.10/bin/../lib/gcc/arm-none-eabi/10.3.1/../../../../arm-none-eabi/lib/thumb/v7e-m+fp/hard\libg.a(lib_a-ctype_.o)
                0x0801beec                _ctype_
 *fill*         0x0801bfed        0x3 
 .rodata.npio2_hw
                0x0801bff0       0x80 d:/gcc-arm-none-eabi/gcc-arm-none-eabi-10.3-2021.10-win32/gcc-arm-none-eabi-10.3-2021.10/bin/../lib/gcc/arm-none-eabi/10.3.1/../../../../arm-none-eabi/lib/thumb/v7e-m+fp/hard\libm.a(lib_a-e_rem_pio2.o)
 .rodata.two_over_pi
                0x0801c070      0x108 d:/gcc-arm-none-eabi/gcc-arm-none-eabi-10.3-2021.10-win32/gcc-arm-none-eabi-10.3-2021.10/bin/../lib/gcc/arm-none-eabi/10.3.1/../../../../arm-none-eabi/lib/thumb/v7e-m+fp/hard\libm.a(lib_a-e_rem_pio2.o)
 .rodata.PIo2   0x0801c178       0x40 d:/gcc-arm-none-eabi/gcc-arm-none-eabi-10.3-2021.10-win32/gcc-arm-none-eabi-10.3-2021.10/bin/../lib/gcc/arm-none-eabi/10.3.1/../../../../arm-none-eabi/lib/thumb/v7e-m+fp/hard\libm.a(lib_a-k_rem_pio2.o)
 .rodata.init_jk
                0x0801c1b8       0x10 d:/gcc-arm-none-eabi/gcc-arm-none-eabi-10.3-2021.10-win32/gcc-arm-none-eabi-10.3-2021.10/bin/../lib/gcc/arm-none-eabi/10.3.1/../../../../arm-none-eabi/lib/thumb/v7e-m+fp/hard\libm.a(lib_a-k_rem_pio2.o)
                0x0801c1c8                . = ALIGN (0x4)

.ARM.extab      0x0801c1c8        0x0
                0x0801c1c8                . = ALIGN (0x4)
 *(.ARM.extab* .gnu.linkonce.armextab.*)
                0x0801c1c8                . = ALIGN (0x4)

.ARM            0x0801c1c8        0x8
                0x0801c1c8                . = ALIGN (0x4)
                0x0801c1c8                __exidx_start = .
 *(.ARM.exidx*)
 .ARM.exidx     0x0801c1c8        0x8 d:/gcc-arm-none-eabi/gcc-arm-none-eabi-10.3-2021.10-win32/gcc-arm-none-eabi-10.3-2021.10/bin/../lib/gcc/arm-none-eabi/10.3.1/thumb/v7e-m+fp/hard\libgcc.a(_udivmoddi4.o)
                0x0801c1d0                __exidx_end = .
                0x0801c1d0                . = ALIGN (0x4)

.rel.dyn        0x0801c1d0        0x0
 .rel.iplt      0x0801c1d0        0x0 d:/gcc-arm-none-eabi/gcc-arm-none-eabi-10.3-2021.10-win32/gcc-arm-none-eabi-10.3-2021.10/bin/../lib/gcc/arm-none-eabi/10.3.1/thumb/v7e-m+fp/hard/crtbegin.o

.preinit_array  0x0801c1d0        0x0
                0x0801c1d0                . = ALIGN (0x4)
                0x0801c1d0                PROVIDE (__preinit_array_start = .)
 *(.preinit_array*)
                0x0801c1d0                PROVIDE (__preinit_array_end = .)
                0x0801c1d0                . = ALIGN (0x4)

.init_array     0x0801c1d0        0x8
                0x0801c1d0                . = ALIGN (0x4)
                0x0801c1d0                PROVIDE (__init_array_start = .)
 *(SORT_BY_NAME(.init_array.*))
 .init_array.00000
                0x0801c1d0        0x4 d:/gcc-arm-none-eabi/gcc-arm-none-eabi-10.3-2021.10-win32/gcc-arm-none-eabi-10.3-2021.10/bin/../lib/gcc/arm-none-eabi/10.3.1/../../../../arm-none-eabi/lib/thumb/v7e-m+fp/hard\libg.a(lib_a-__call_atexit.o)
 *(.init_array*)
 .init_array    0x0801c1d4        0x4 d:/gcc-arm-none-eabi/gcc-arm-none-eabi-10.3-2021.10-win32/gcc-arm-none-eabi-10.3-2021.10/bin/../lib/gcc/arm-none-eabi/10.3.1/thumb/v7e-m+fp/hard/crtbegin.o
                0x0801c1d8                PROVIDE (__init_array_end = .)
                0x0801c1d8                . = ALIGN (0x4)

.fini_array     0x0801c1d8        0x4
                0x0801c1d8                . = ALIGN (0x4)
                0x0801c1d8                PROVIDE (__fini_array_start = .)
 *(SORT_BY_NAME(.fini_array.*))
 *(.fini_array*)
 .fini_array    0x0801c1d8        0x4 d:/gcc-arm-none-eabi/gcc-arm-none-eabi-10.3-2021.10-win32/gcc-arm-none-eabi-10.3-2021.10/bin/../lib/gcc/arm-none-eabi/10.3.1/thumb/v7e-m+fp/hard/crtbegin.o
                0x0801c1dc                PROVIDE (__fini_array_end = .)
                0x0801c1dc                . = ALIGN (0x4)
                0x0801c1dc                _sidata = LOADADDR (.data)

.data           0x20000000      0x9c8 load address 0x0801c1dc
                0x20000000                . = ALIGN (0x4)
                0x20000000                _sdata = .
 *(.data)
 *(.data*)
 .data.BACK_COLOR
                0x20000000        0x4 CMakeFiles/A_task.elf.dir/Core/Src/fsmc.c.obj
                0x20000000                BACK_COLOR
 .data.POINT_COLOR
                0x20000004        0x4 CMakeFiles/A_task.elf.dir/Core/Src/fsmc.c.obj
                0x20000004                POINT_COLOR
 .data.key_up.0
                0x20000008        0x1 CMakeFiles/A_task.elf.dir/Core/Src/main.c.obj
 *fill*         0x20000009        0x3 
 .data.SystemCoreClock
                0x2000000c        0x4 CMakeFiles/A_task.elf.dir/Core/Src/system_stm32f4xx.c.obj
                0x2000000c                SystemCoreClock
 .data.uwTickFreq
                0x20000010        0x1 CMakeFiles/A_task.elf.dir/Drivers/STM32F4xx_HAL_Driver/Src/stm32f4xx_hal.c.obj
                0x20000010                uwTickFreq
 *fill*         0x20000011        0x3 
 .data.uwTickPrio
                0x20000014        0x4 CMakeFiles/A_task.elf.dir/Drivers/STM32F4xx_HAL_Driver/Src/stm32f4xx_hal.c.obj
                0x20000014                uwTickPrio
 .data._impure_ptr
                0x20000018        0x4 d:/gcc-arm-none-eabi/gcc-arm-none-eabi-10.3-2021.10-win32/gcc-arm-none-eabi-10.3-2021.10/bin/../lib/gcc/arm-none-eabi/10.3.1/../../../../arm-none-eabi/lib/thumb/v7e-m+fp/hard\libg.a(lib_a-impure.o)
                0x20000018                _impure_ptr
 *fill*         0x2000001c        0x4 
 .data.impure_data
                0x20000020      0x428 d:/gcc-arm-none-eabi/gcc-arm-none-eabi-10.3-2021.10-win32/gcc-arm-none-eabi-10.3-2021.10/bin/../lib/gcc/arm-none-eabi/10.3.1/../../../../arm-none-eabi/lib/thumb/v7e-m+fp/hard\libg.a(lib_a-impure.o)
 .data.__atexit_recursive_mutex
                0x20000448        0x4 d:/gcc-arm-none-eabi/gcc-arm-none-eabi-10.3-2021.10-win32/gcc-arm-none-eabi-10.3-2021.10/bin/../lib/gcc/arm-none-eabi/10.3.1/../../../../arm-none-eabi/lib/thumb/v7e-m+fp/hard\libg.a(lib_a-__call_atexit.o)
                0x20000448                __atexit_recursive_mutex
 .data.__malloc_av_
                0x2000044c      0x408 d:/gcc-arm-none-eabi/gcc-arm-none-eabi-10.3-2021.10-win32/gcc-arm-none-eabi-10.3-2021.10/bin/../lib/gcc/arm-none-eabi/10.3.1/../../../../arm-none-eabi/lib/thumb/v7e-m+fp/hard\libg.a(lib_a-mallocr.o)
                0x2000044c                __malloc_av_
 .data.__malloc_sbrk_base
                0x20000854        0x4 d:/gcc-arm-none-eabi/gcc-arm-none-eabi-10.3-2021.10-win32/gcc-arm-none-eabi-10.3-2021.10/bin/../lib/gcc/arm-none-eabi/10.3.1/../../../../arm-none-eabi/lib/thumb/v7e-m+fp/hard\libg.a(lib_a-mallocr.o)
                0x20000854                __malloc_sbrk_base
 .data.__malloc_trim_threshold
                0x20000858        0x4 d:/gcc-arm-none-eabi/gcc-arm-none-eabi-10.3-2021.10-win32/gcc-arm-none-eabi-10.3-2021.10/bin/../lib/gcc/arm-none-eabi/10.3.1/../../../../arm-none-eabi/lib/thumb/v7e-m+fp/hard\libg.a(lib_a-mallocr.o)
                0x20000858                __malloc_trim_threshold
 .data.__global_locale
                0x2000085c      0x16c d:/gcc-arm-none-eabi/gcc-arm-none-eabi-10.3-2021.10-win32/gcc-arm-none-eabi-10.3-2021.10/bin/../lib/gcc/arm-none-eabi/10.3.1/../../../../arm-none-eabi/lib/thumb/v7e-m+fp/hard\libg.a(lib_a-locale.o)
                0x2000085c                __global_locale
 *(.RamFunc)
 *(.RamFunc*)
                0x200009c8                . = ALIGN (0x4)
                0x200009c8                _edata = .
                0x0801cba4                _siccmram = LOADADDR (.ccmram)

.igot.plt       0x200009c8        0x0 load address 0x0801cba4
 .igot.plt      0x200009c8        0x0 d:/gcc-arm-none-eabi/gcc-arm-none-eabi-10.3-2021.10-win32/gcc-arm-none-eabi-10.3-2021.10/bin/../lib/gcc/arm-none-eabi/10.3.1/thumb/v7e-m+fp/hard/crtbegin.o

.ccmram         0x10000000        0x0 load address 0x0801cba4
                0x10000000                . = ALIGN (0x4)
                0x10000000                _sccmram = .
 *(.ccmram)
 *(.ccmram*)
                0x10000000                . = ALIGN (0x4)
                0x10000000                _eccmram = .
                0x10000000                . = ALIGN (0x4)

.bss            0x200009c8     0x4160
                0x200009c8                _sbss = .
                0x200009c8                __bss_start__ = _sbss
 *(.bss)
 .bss           0x200009c8       0x1c d:/gcc-arm-none-eabi/gcc-arm-none-eabi-10.3-2021.10-win32/gcc-arm-none-eabi-10.3-2021.10/bin/../lib/gcc/arm-none-eabi/10.3.1/thumb/v7e-m+fp/hard/crtbegin.o
 *(.bss*)
 .bss.hadc1     0x200009e4       0x48 CMakeFiles/A_task.elf.dir/Core/Src/adc.c.obj
                0x200009e4                hadc1
 .bss.hdma_adc1
                0x20000a2c       0x60 CMakeFiles/A_task.elf.dir/Core/Src/adc.c.obj
                0x20000a2c                hdma_adc1
 .bss.hdac      0x20000a8c       0x14 CMakeFiles/A_task.elf.dir/Core/Src/dac.c.obj
                0x20000a8c                hdac
 .bss.hdma_dac1
                0x20000aa0       0x60 CMakeFiles/A_task.elf.dir/Core/Src/dac.c.obj
                0x20000aa0                hdma_dac1
 .bss.FSMC_Initialized
                0x20000b00        0x4 CMakeFiles/A_task.elf.dir/Core/Src/fsmc.c.obj
 .bss.hsram4    0x20000b04       0x50 CMakeFiles/A_task.elf.dir/Core/Src/fsmc.c.obj
                0x20000b04                hsram4
 .bss.lcddev    0x20000b54        0xe CMakeFiles/A_task.elf.dir/Core/Src/fsmc.c.obj
                0x20000b54                lcddev
 *fill*         0x20000b62        0x2 
 .bss.FFT_inArray
                0x20000b64     0x1f40 CMakeFiles/A_task.elf.dir/Core/Src/main.c.obj
                0x20000b64                FFT_inArray
 .bss.FFT_outArray
                0x20002aa4      0xfa0 CMakeFiles/A_task.elf.dir/Core/Src/main.c.obj
                0x20002aa4                FFT_outArray
 .bss.ad_flag   0x20003a44        0x4 CMakeFiles/A_task.elf.dir/Core/Src/main.c.obj
                0x20003a44                ad_flag
 .bss.key       0x20003a48        0x1 CMakeFiles/A_task.elf.dir/Core/Src/main.c.obj
                0x20003a48                key
 *fill*         0x20003a49        0x3 
 .bss.recv_data
                0x20003a4c      0x7d0 CMakeFiles/A_task.elf.dir/Core/Src/main.c.obj
                0x20003a4c                recv_data
 .bss.scfft     0x2000421c       0x14 CMakeFiles/A_task.elf.dir/Core/Src/main.c.obj
                0x2000421c                scfft
 .bss.signal_type_flag
                0x20004230        0x2 CMakeFiles/A_task.elf.dir/Core/Src/main.c.obj
                0x20004230                signal_type_flag
 *fill*         0x20004232        0x2 
 .bss.sin_wave_buffer
                0x20004234      0x7d0 CMakeFiles/A_task.elf.dir/Core/Src/main.c.obj
                0x20004234                sin_wave_buffer
 .bss.__sbrk_heap_end
                0x20004a04        0x4 CMakeFiles/A_task.elf.dir/Core/Src/sysmem.c.obj
 .bss.htim3     0x20004a08       0x48 CMakeFiles/A_task.elf.dir/Core/Src/tim.c.obj
                0x20004a08                htim3
 .bss.htim6     0x20004a50       0x48 CMakeFiles/A_task.elf.dir/Core/Src/tim.c.obj
                0x20004a50                htim6
 .bss.huart1    0x20004a98       0x44 CMakeFiles/A_task.elf.dir/Core/Src/usart.c.obj
                0x20004a98                huart1
 .bss.uwTick    0x20004adc        0x4 CMakeFiles/A_task.elf.dir/Drivers/STM32F4xx_HAL_Driver/Src/stm32f4xx_hal.c.obj
                0x20004adc                uwTick
 .bss.__lock___atexit_recursive_mutex
                0x20004ae0        0x1 d:/gcc-arm-none-eabi/gcc-arm-none-eabi-10.3-2021.10-win32/gcc-arm-none-eabi-10.3-2021.10/bin/../lib/gcc/arm-none-eabi/10.3.1/../../../../arm-none-eabi/lib/thumb/v7e-m+fp/hard\libg.a(lib_a-lock.o)
                0x20004ae0                __lock___atexit_recursive_mutex
 *fill*         0x20004ae1        0x3 
 .bss.__lock___malloc_recursive_mutex
                0x20004ae4        0x1 d:/gcc-arm-none-eabi/gcc-arm-none-eabi-10.3-2021.10-win32/gcc-arm-none-eabi-10.3-2021.10/bin/../lib/gcc/arm-none-eabi/10.3.1/../../../../arm-none-eabi/lib/thumb/v7e-m+fp/hard\libg.a(lib_a-lock.o)
                0x20004ae4                __lock___malloc_recursive_mutex
 *fill*         0x20004ae5        0x3 
 .bss.__lock___sfp_recursive_mutex
                0x20004ae8        0x1 d:/gcc-arm-none-eabi/gcc-arm-none-eabi-10.3-2021.10-win32/gcc-arm-none-eabi-10.3-2021.10/bin/../lib/gcc/arm-none-eabi/10.3.1/../../../../arm-none-eabi/lib/thumb/v7e-m+fp/hard\libg.a(lib_a-lock.o)
                0x20004ae8                __lock___sfp_recursive_mutex
 *fill*         0x20004ae9        0x3 
 .bss.__lock___sinit_recursive_mutex
                0x20004aec        0x1 d:/gcc-arm-none-eabi/gcc-arm-none-eabi-10.3-2021.10-win32/gcc-arm-none-eabi-10.3-2021.10/bin/../lib/gcc/arm-none-eabi/10.3.1/../../../../arm-none-eabi/lib/thumb/v7e-m+fp/hard\libg.a(lib_a-lock.o)
                0x20004aec                __lock___sinit_recursive_mutex
 *fill*         0x20004aed        0x3 
 .bss.__malloc_current_mallinfo
                0x20004af0       0x28 d:/gcc-arm-none-eabi/gcc-arm-none-eabi-10.3-2021.10-win32/gcc-arm-none-eabi-10.3-2021.10/bin/../lib/gcc/arm-none-eabi/10.3.1/../../../../arm-none-eabi/lib/thumb/v7e-m+fp/hard\libg.a(lib_a-mallocr.o)
                0x20004af0                __malloc_current_mallinfo
 .bss.__malloc_max_sbrked_mem
                0x20004b18        0x4 d:/gcc-arm-none-eabi/gcc-arm-none-eabi-10.3-2021.10-win32/gcc-arm-none-eabi-10.3-2021.10/bin/../lib/gcc/arm-none-eabi/10.3.1/../../../../arm-none-eabi/lib/thumb/v7e-m+fp/hard\libg.a(lib_a-mallocr.o)
                0x20004b18                __malloc_max_sbrked_mem
 .bss.__malloc_max_total_mem
                0x20004b1c        0x4 d:/gcc-arm-none-eabi/gcc-arm-none-eabi-10.3-2021.10-win32/gcc-arm-none-eabi-10.3-2021.10/bin/../lib/gcc/arm-none-eabi/10.3.1/../../../../arm-none-eabi/lib/thumb/v7e-m+fp/hard\libg.a(lib_a-mallocr.o)
                0x20004b1c                __malloc_max_total_mem
 .bss.__malloc_top_pad